GNU Tool Chain  

Linker command line:

--edf=C:\Program Files (x86)\CCompiler\Compiler\data\dat\en_msgs.txt -cs \
  -h+zx-ft60f12x-001.sym --cmf=zx-ft60f12x-001.cmf -z -QFT60F12X \
  -oC:\Users\jerry\AppData\Local\Temp\s8v4.2 -Mzx-ft60f12x-001.map -E1 \
  -ver=XC8 -ASTACK=027h-06fh -pstack=STACK -ACODE=00h-07FFh \
  -ASTRCODE=00h-07FFh -ASTRING=00h-0FFhx8 -ACONST=00h-0FFhx8 \
  -AENTRY=00h-0FFhx8 -ACOMMON=070h-07Fh -ABANK0=020h-06Fh -ABANK1=0A0h-0BFh \
  -ARAM=020h-06Fh,0A0h-0BFh -AABS1=020h-07Fh,0A0h-0BFh -ASFR0=00h-01Fh \
  -ASFR1=080h-09Fh -preset_vec=00h,intentry,init,end_init -ppowerup=CODE \
  -pcinit=CODE -pfunctab=ENTRY -ACONFIG=02007h-02007h -pconfig=CONFIG \
  -DCONFIG=2 -AIDLOC=02000h-02003h -pidloc=IDLOC -DIDLOC=2 \
  -AEEDATA=00h-0FFh/02100h -peeprom_data=EEDATA -DEEDATA=2 -DCODE=2 \
  -DSTRCODE=2 -DSTRING=2 -DCONST=2 -DENTRY=2 -k \
  C:\Users\jerry\AppData\Local\Temp\s8v4.obj zx-ft60f12x-001.obj 

Object code version is 3.11

Machine type is FT60F12X



                Name                               Link     Load   Length Selector   Space Scale
C:\Users\jerry\AppData\Local\Temp\s8v4.obj
                end_init                              8        8        1        0       0
zx-ft60f12x-001.obj
                cinit                               7F5      7F5        B      FEA       0
                intentry                              0        0        8        0       0
                text5                               765      765       11      ECA       0
                text4                               7CF      7CF       26      F9E       0
                text3                               78F      78F       1E      F1E       0
                text2                               75B      75B        A      EB6       0
                text1                               7AD      7AD       22      F5A       0
                maintext                            776      776       19      EEC       0
                cstackBANK0                          25       25        2       20       1
                cstackCOMMON                         70       70        6       70       1
                bssBANK0                             20       20        5       20       1
                bssCOMMON                            76       76        3       70       1

TOTAL           Name                               Link     Load   Length     Space
        CLASS   STACK          

        CLASS   CODE           
                end_init                              8        8        1         0
                cinit                               7F5      7F5        B         0
                intentry                              0        0        8         0
                text5                               765      765       11         0
                text4                               7CF      7CF       26         0
                text3                               78F      78F       1E         0
                text2                               75B      75B        A         0
                text1                               7AD      7AD       22         0
                maintext                            776      776       19         0

        CLASS   STRCODE        

        CLASS   STRING         

        CLASS   CONST          

        CLASS   ENTRY          

        CLASS   COMMON         
                cstackCOMMON                         70       70        6         1
                bssCOMMON                            76       76        3         1

        CLASS   BANK0          
                cstackBANK0                          25       25        2         1
                bssBANK0                             20       20        5         1

        CLASS   BANK1          

        CLASS   RAM            

        CLASS   ABS1           
                abs_s1                               7E       7E        2         1

        CLASS   SFR0           

        CLASS   SFR1           

        CLASS   CONFIG         

        CLASS   IDLOC          

        CLASS   EEDATA         



SEGMENTS        Name                           Load    Length   Top    Selector   Space  Class     Delta

                reset_vec                      000000  000009  000009         0       0  CODE        2
                bssBANK0                       000020  000007  000027        20       1  BANK0       1
                cstackCOMMON                   000070  000009  000079        70       1  COMMON      1
                text2                          00075B  00000A  000765       EB6       0  CODE        2
                text5                          000765  000011  000776       ECA       0  CODE        2
                maintext                       000776  000019  00078F       EEC       0  CODE        2
                text3                          00078F  00001E  0007AD       F1E       0  CODE        2
                text1                          0007AD  000022  0007CF       F5A       0  CODE        2
                text4                          0007CF  000026  0007F5       F9E       0  CODE        2
                cinit                          0007F5  00000B  000800       FEA       0  CODE        2


UNUSED ADDRESS RANGES

        Name                Unused          Largest block    Delta
        BANK0            0027-006F             49           1
        BANK1            00A0-00BF             20           1
        CODE             0009-075A            752           2
        COMMON           0079-007D              5           1
        CONFIG           2007-2007              1           2
        CONST            0009-075A            100           2
        EEDATA           2100-21FF            100           2
        ENTRY            0009-075A            100           2
        IDLOC            2000-2003              4           2
        RAM              0027-006F             49           1
                         00A0-00BF             20
        SFR0             0000-001F             20           1
        SFR1             0080-009F             20           1
        STACK            0027-006F             49           1
        STRCODE          0009-075A            752           2
        STRING           0009-075A            100           2

                                  Symbol Table

DelayUs@Time             cstackBANK0  0025
DelayUs@a                cstackBANK0  0026
Shinking@duty_off        cstackCOMMON 0070
Shinking@duty_on         cstackCOMMON 0071
_BlinkCounter            bssCOMMON    0077
_DelayUs                 text2        075B
_GIE                     (abs)        005F
_INTCON                  (abs)        000B
_ISR                     text3        078F
_LEDControl              text4        07CF
_LEDState                bssCOMMON    0078
_MSCON                   (abs)        001B
_OPTION                  (abs)        0081
_OSCCON                  (abs)        008F
_PORTA                   (abs)        0005
_PORTC                   (abs)        0007
_PSINKA                  (abs)        0097
_PSINKC                  (abs)        009F
_PSRCA                   (abs)        0088
_PSRCC                   (abs)        0094
_Power_Initial           text1        07AD
_RA0                     (abs)        0028
_Shinking                text5        0765
_SystemState             bssCOMMON    0076
_T0IE                    (abs)        005D
_T0IF                    (abs)        005A
_TMR0                    (abs)        0001
_TRISA                   (abs)        0085
_TRISC                   (abs)        0087
_Time                    bssBANK0     0020
_WPUA                    (abs)        0095
_WPUC                    (abs)        0093
__Habs1                  abs1         0000
__Hbank0                 bank0        0000
__Hbank1                 bank1        0000
__HbssBANK0              bssBANK0     0000
__HbssCOMMON             bssCOMMON    0000
__Hcinit                 cinit        0800
__Hclrtext               clrtext      0000
__Hcode                  code         0000
__Hcommon                common       0000
__Hconfig                config       0000
__HcstackBANK0           cstackBANK0  0000
__HcstackCOMMON          cstackCOMMON 0000
__Heeprom_data           eeprom_data  0000
__Hend_init              end_init     0009
__Hfunctab               functab      0000
__Hidloc                 idloc        0000
__Hinit                  init         0008
__Hintentry              intentry     0008
__Hmaintext              maintext     0000
__Hpa_nodes0             pa_nodes0    0000
__Hpowerup               powerup      0000
__Hram                   ram          0000
__Hreset_vec             reset_vec    0000
__Hsfr0                  sfr0         0000
__Hsfr1                  sfr1         0000
__Hspace_0               (abs)        0800
__Hspace_1               (abs)        0079
__Hspace_2               (abs)        0000
__Hspace_3               (abs)        0000
__Hstack                 stack        0000
__Hstrings               strings      0000
__Htext                  text         0000
__Labs1                  abs1         0000
__Lbank0                 bank0        0000
__Lbank1                 bank1        0000
__LbssBANK0              bssBANK0     0000
__LbssCOMMON             bssCOMMON    0000
__Lcinit                 cinit        07F5
__Lclrtext               clrtext      0000
__Lcode                  code         0000
__Lcommon                common       0000
__Lconfig                config       0000
__LcstackBANK0           cstackBANK0  0000
__LcstackCOMMON          cstackCOMMON 0000
__Leeprom_data           eeprom_data  0000
__Lend_init              end_init     0008
__Lfunctab               functab      0000
__Lidloc                 idloc        0000
__Linit                  init         0008
__Lintentry              intentry     0000
__Lmaintext              maintext     0000
__Lpa_nodes0             pa_nodes0    0000
__Lpowerup               powerup      0000
__Lram                   ram          0000
__Lreset_vec             reset_vec    0000
__Lsfr0                  sfr0         0000
__Lsfr1                  sfr1         0000
__Lspace_0               (abs)        0000
__Lspace_1               (abs)        0000
__Lspace_2               (abs)        0000
__Lspace_3               (abs)        0000
__Lstack                 stack        0000
__Lstrings               strings      0000
__Ltext                  text         0000
__S0                     (abs)        0800
__S1                     (abs)        0079
__S2                     (abs)        0000
__S3                     (abs)        0000
___int_sp                stack        0000
___latbits               (abs)        0000
___sp                    stack        0000
__end_of_DelayUs         text2        0765
__end_of_ISR             text3        07AD
__end_of_LEDControl      text4        07F5
__end_of_Power_Initial   text1        07CF
__end_of_Shinking        text5        0776
__end_of__initialization cinit        07FE
__end_of_main            maintext     078F
__initialization         cinit        07F5
__pbssBANK0              bssBANK0     0020
__pbssCOMMON             bssCOMMON    0076
__pcstackBANK0           cstackBANK0  0025
__pcstackCOMMON          cstackCOMMON 0070
__pintentry              intentry     0000
__pmaintext              maintext     0776
__ptext0                 text0        0000
__ptext1                 text1        07AD
__ptext2                 text2        075B
__ptext3                 text3        078F
__ptext4                 text4        07CF
__ptext5                 text5        0765
__size_of_DelayUs        (abs)        0000
__size_of_ISR            (abs)        0000
__size_of_LEDControl     (abs)        0000
__size_of_Power_Initial  (abs)        0000
__size_of_Shinking       (abs)        0000
__size_of_main           (abs)        0000
_main                    maintext     0776
btemp                    (abs)        007E
end_of_initialization    cinit        07FE
interrupt_function       intentry     0000
intlevel0                functab      0000
intlevel1                functab      0000
intlevel2                functab      0000
intlevel3                functab      0000
intlevel4                functab      0000
intlevel5                functab      0000
main@i                   cstackCOMMON 0075
reset_vec                reset_vec    0000
saved_w                  (abs)        007E
stackhi                  (abs)        0000
stacklo                  (abs)        0000
start                    init         0008
start_initialization     cinit        07F5
wtemp0                   (abs)        007E


FUNCTION INFORMATION:

 *************** function _main *****************
 Defined at:
		line 146 in file "ZX-FT60F12X-001.C"
 Parameters:    Size  Location     Type
		None
 Auto vars:     Size  Location     Type
  i               1    5[COMMON] unsigned char 
 Return value:  Size  Location     Type
                  2  831[None  ] int 
 Registers used:
		wreg, status,2, status,0, pclath, cstack
 Tracked objects:
		On entry : 
		On exit  : 
		Unchanged: 
 Data sizes:     COMMON   BANK0   BANK1
      Params:         0       0       0
      Locals:         1       0       0
      Temps:          0       0       0
      Totals:         1       0       0
Total ram usage:        1 bytes
 Hardware stack levels required when called:    4
 This function calls:
		_DelayUs
		_Power_Initial
 This function is called by:
		Startup code after reset
 This function uses a non-reentrant model


 *************** function _Power_Initial *****************
 Defined at:
		line 31 in file "ZX-FT60F12X-001.C"
 Parameters:    Size  Location     Type
		None
 Auto vars:     Size  Location     Type
		None
 Return value:  Size  Location     Type
                  1    wreg      void 
 Registers used:
		wreg, status,2
 Tracked objects:
		On entry : 
		On exit  : 
		Unchanged: 
 Data sizes:     COMMON   BANK0   BANK1
      Params:         0       0       0
      Locals:         0       0       0
      Temps:          0       0       0
      Totals:         0       0       0
Total ram usage:        0 bytes
 Hardware stack levels used:    1
 Hardware stack levels required when called:    3
 This function calls:
		Nothing
 This function is called by:
		_main
 This function uses a non-reentrant model


 *************** function _DelayUs *****************
 Defined at:
		line 59 in file "ZX-FT60F12X-001.C"
 Parameters:    Size  Location     Type
  Time            1    wreg     unsigned char 
 Auto vars:     Size  Location     Type
  Time            1    0[BANK0 ] unsigned char 
  a               1    1[BANK0 ] unsigned char 
 Return value:  Size  Location     Type
                  1    wreg      void 
 Registers used:
		wreg, status,2, status,0
 Tracked objects:
		On entry : 
		On exit  : 
		Unchanged: 
 Data sizes:     COMMON   BANK0   BANK1
      Params:         0       0       0
      Locals:         0       2       0
      Temps:          0       0       0
      Totals:         0       2       0
Total ram usage:        2 bytes
 Hardware stack levels used:    1
 Hardware stack levels required when called:    3
 This function calls:
		Nothing
 This function is called by:
		_main
 This function uses a non-reentrant model


 *************** function _ISR *****************
 Defined at:
		line 126 in file "ZX-FT60F12X-001.C"
 Parameters:    Size  Location     Type
		None
 Auto vars:     Size  Location     Type
		None
 Return value:  Size  Location     Type
                  1    wreg      void 
 Registers used:
		wreg, fsr0l, fsr0h, status,2, status,0, pclath, cstack
 Tracked objects:
		On entry : 
		On exit  : 
		Unchanged: 
 Data sizes:     COMMON   BANK0   BANK1
      Params:         0       0       0
      Locals:         0       0       0
      Temps:          3       0       0
      Totals:         3       0       0
Total ram usage:        3 bytes
 Hardware stack levels used:    1
 Hardware stack levels required when called:    2
 This function calls:
		_LEDControl
 This function is called by:
		Interrupt level 1
 This function uses a non-reentrant model


 *************** function _LEDControl *****************
 Defined at:
		line 93 in file "ZX-FT60F12X-001.C"
 Parameters:    Size  Location     Type
		None
 Auto vars:     Size  Location     Type
		None
 Return value:  Size  Location     Type
                  1    wreg      void 
 Registers used:
		wreg, fsr0l, fsr0h, status,2, status,0, pclath, cstack
 Tracked objects:
		On entry : 
		On exit  : 
		Unchanged: 
 Data sizes:     COMMON   BANK0   BANK1
      Params:         0       0       0
      Locals:         0       0       0
      Temps:          0       0       0
      Totals:         0       0       0
Total ram usage:        0 bytes
 Hardware stack levels used:    1
 Hardware stack levels required when called:    1
 This function calls:
		_Shinking
 This function is called by:
		_ISR
 This function uses a non-reentrant model


 *************** function _Shinking *****************
 Defined at:
		line 68 in file "ZX-FT60F12X-001.C"
 Parameters:    Size  Location     Type
  duty_on         1    wreg     unsigned char 
  duty_off        1    0[COMMON] unsigned char 
 Auto vars:     Size  Location     Type
  duty_on         1    1[COMMON] unsigned char 
 Return value:  Size  Location     Type
                  1    wreg      void 
 Registers used:
		wreg, status,2, status,0
 Tracked objects:
		On entry : 
		On exit  : 
		Unchanged: 
 Data sizes:     COMMON   BANK0   BANK1
      Params:         1       0       0
      Locals:         1       0       0
      Temps:          0       0       0
      Totals:         2       0       0
Total ram usage:        2 bytes
 Hardware stack levels used:    1
 This function calls:
		Nothing
 This function is called by:
		_LEDControl
 This function uses a non-reentrant model



MODULE INFORMATION

Module		Function		Class		Link	Load	Size
ZX-FT60F12X-001.C
		_DelayUs       		CODE           	075B	0000	11
		_ISR           		CODE           	078F	0000	31
		_main          		CODE           	0776	0000	26
		_Shinking      		CODE           	0765	0000	18
		_Power_Initial 		CODE           	07AD	0000	35
		_LEDControl    		CODE           	07CF	0000	39

ZX-FT60F12X-001.C estimated size: 160

shared
		__initialization		CODE           	07F5	0000	10

shared estimated size: 10



FUNCTION INFORMATION:

 *************** function _main *****************
 Defined at:
		line 146 in file "ZX-FT60F12X-001.C"
 Parameters:    Size  Location     Type
		None
 Auto vars:     Size  Location     Type
  i               1    5[COMMON] unsigned char 
 Return value:  Size  Location     Type
                  2  831[None  ] int 
 Registers used:
		wreg, status,2, status,0, pclath, cstack
 Tracked objects:
		On entry : 
		On exit  : 
		Unchanged: 
 Data sizes:     COMMON   BANK0   BANK1
      Params:         0       0       0
      Locals:         1       0       0
      Temps:          0       0       0
      Totals:         1       0       0
Total ram usage:        1 bytes
 Hardware stack levels required when called:    4
 This function calls:
		_DelayUs
		_Power_Initial
 This function is called by:
		Startup code after reset
 This function uses a non-reentrant model


 *************** function _Power_Initial *****************
 Defined at:
		line 31 in file "ZX-FT60F12X-001.C"
 Parameters:    Size  Location     Type
		None
 Auto vars:     Size  Location     Type
		None
 Return value:  Size  Location     Type
                  1    wreg      void 
 Registers used:
		wreg, status,2
 Tracked objects:
		On entry : 
		On exit  : 
		Unchanged: 
 Data sizes:     COMMON   BANK0   BANK1
      Params:         0       0       0
      Locals:         0       0       0
      Temps:          0       0       0
      Totals:         0       0       0
Total ram usage:        0 bytes
 Hardware stack levels used:    1
 Hardware stack levels required when called:    3
 This function calls:
		Nothing
 This function is called by:
		_main
 This function uses a non-reentrant model


 *************** function _DelayUs *****************
 Defined at:
		line 59 in file "ZX-FT60F12X-001.C"
 Parameters:    Size  Location     Type
  Time            1    wreg     unsigned char 
 Auto vars:     Size  Location     Type
  Time            1    0[BANK0 ] unsigned char 
  a               1    1[BANK0 ] unsigned char 
 Return value:  Size  Location     Type
                  1    wreg      void 
 Registers used:
		wreg, status,2, status,0
 Tracked objects:
		On entry : 
		On exit  : 
		Unchanged: 
 Data sizes:     COMMON   BANK0   BANK1
      Params:         0       0       0
      Locals:         0       2       0
      Temps:          0       0       0
      Totals:         0       2       0
Total ram usage:        2 bytes
 Hardware stack levels used:    1
 Hardware stack levels required when called:    3
 This function calls:
		Nothing
 This function is called by:
		_main
 This function uses a non-reentrant model


 *************** function _ISR *****************
 Defined at:
		line 126 in file "ZX-FT60F12X-001.C"
 Parameters:    Size  Location     Type
		None
 Auto vars:     Size  Location     Type
		None
 Return value:  Size  Location     Type
                  1    wreg      void 
 Registers used:
		wreg, fsr0l, fsr0h, status,2, status,0, pclath, cstack
 Tracked objects:
		On entry : 
		On exit  : 
		Unchanged: 
 Data sizes:     COMMON   BANK0   BANK1
      Params:         0       0       0
      Locals:         0       0       0
      Temps:          3       0       0
      Totals:         3       0       0
Total ram usage:        3 bytes
 Hardware stack levels used:    1
 Hardware stack levels required when called:    2
 This function calls:
		_LEDControl
 This function is called by:
		Interrupt level 1
 This function uses a non-reentrant model


 *************** function _LEDControl *****************
 Defined at:
		line 93 in file "ZX-FT60F12X-001.C"
 Parameters:    Size  Location     Type
		None
 Auto vars:     Size  Location     Type
		None
 Return value:  Size  Location     Type
                  1    wreg      void 
 Registers used:
		wreg, fsr0l, fsr0h, status,2, status,0, pclath, cstack
 Tracked objects:
		On entry : 
		On exit  : 
		Unchanged: 
 Data sizes:     COMMON   BANK0   BANK1
      Params:         0       0       0
      Locals:         0       0       0
      Temps:          0       0       0
      Totals:         0       0       0
Total ram usage:        0 bytes
 Hardware stack levels used:    1
 Hardware stack levels required when called:    1
 This function calls:
		_Shinking
 This function is called by:
		_ISR
 This function uses a non-reentrant model


 *************** function _Shinking *****************
 Defined at:
		line 68 in file "ZX-FT60F12X-001.C"
 Parameters:    Size  Location     Type
  duty_on         1    wreg     unsigned char 
  duty_off        1    0[COMMON] unsigned char 
 Auto vars:     Size  Location     Type
  duty_on         1    1[COMMON] unsigned char 
 Return value:  Size  Location     Type
                  1    wreg      void 
 Registers used:
		wreg, status,2, status,0
 Tracked objects:
		On entry : 
		On exit  : 
		Unchanged: 
 Data sizes:     COMMON   BANK0   BANK1
      Params:         1       0       0
      Locals:         1       0       0
      Temps:          0       0       0
      Totals:         2       0       0
Total ram usage:        2 bytes
 Hardware stack levels used:    1
 This function calls:
		Nothing
 This function is called by:
		_LEDControl
 This function uses a non-reentrant model



MODULE INFORMATION

Module		Function		Class		Link	Load	Size
ZX-FT60F12X-001.C
		_DelayUs       		CODE           	075B	0000	11
		_ISR           		CODE           	078F	0000	31
		_main          		CODE           	0776	0000	26
		_Shinking      		CODE           	0765	0000	18
		_Power_Initial 		CODE           	07AD	0000	35
		_LEDControl    		CODE           	07CF	0000	39

ZX-FT60F12X-001.C estimated size: 160

shared
		__initialization		CODE           	07F5	0000	10

shared estimated size: 10



FUNCTION INFORMATION:

 *************** function _main *****************
 Defined at:
		line 146 in file "ZX-FT60F12X-001.C"
 Parameters:    Size  Location     Type
		None
 Auto vars:     Size  Location     Type
  i               1    5[COMMON] unsigned char 
 Return value:  Size  Location     Type
                  2  831[None  ] int 
 Registers used:
		wreg, status,2, status,0, pclath, cstack
 Tracked objects:
		On entry : 
		On exit  : 
		Unchanged: 
 Data sizes:     COMMON   BANK0   BANK1
      Params:         0       0       0
      Locals:         1       0       0
      Temps:          0       0       0
      Totals:         1       0       0
Total ram usage:        1 bytes
 Hardware stack levels required when called:    4
 This function calls:
		_DelayUs
		_Power_Initial
 This function is called by:
		Startup code after reset
 This function uses a non-reentrant model


 *************** function _Power_Initial *****************
 Defined at:
		line 31 in file "ZX-FT60F12X-001.C"
 Parameters:    Size  Location     Type
		None
 Auto vars:     Size  Location     Type
		None
 Return value:  Size  Location     Type
                  1    wreg      void 
 Registers used:
		wreg, status,2
 Tracked objects:
		On entry : 
		On exit  : 
		Unchanged: 
 Data sizes:     COMMON   BANK0   BANK1
      Params:         0       0       0
      Locals:         0       0       0
      Temps:          0       0       0
      Totals:         0       0       0
Total ram usage:        0 bytes
 Hardware stack levels used:    1
 Hardware stack levels required when called:    3
 This function calls:
		Nothing
 This function is called by:
		_main
 This function uses a non-reentrant model


 *************** function _DelayUs *****************
 Defined at:
		line 59 in file "ZX-FT60F12X-001.C"
 Parameters:    Size  Location     Type
  Time            1    wreg     unsigned char 
 Auto vars:     Size  Location     Type
  Time            1    0[BANK0 ] unsigned char 
  a               1    1[BANK0 ] unsigned char 
 Return value:  Size  Location     Type
                  1    wreg      void 
 Registers used:
		wreg, status,2, status,0
 Tracked objects:
		On entry : 
		On exit  : 
		Unchanged: 
 Data sizes:     COMMON   BANK0   BANK1
      Params:         0       0       0
      Locals:         0       2       0
      Temps:          0       0       0
      Totals:         0       2       0
Total ram usage:        2 bytes
 Hardware stack levels used:    1
 Hardware stack levels required when called:    3
 This function calls:
		Nothing
 This function is called by:
		_main
 This function uses a non-reentrant model


 *************** function _ISR *****************
 Defined at:
		line 126 in file "ZX-FT60F12X-001.C"
 Parameters:    Size  Location     Type
		None
 Auto vars:     Size  Location     Type
		None
 Return value:  Size  Location     Type
                  1    wreg      void 
 Registers used:
		wreg, fsr0l, fsr0h, status,2, status,0, pclath, cstack
 Tracked objects:
		On entry : 
		On exit  : 
		Unchanged: 
 Data sizes:     COMMON   BANK0   BANK1
      Params:         0       0       0
      Locals:         0       0       0
      Temps:          3       0       0
      Totals:         3       0       0
Total ram usage:        3 bytes
 Hardware stack levels used:    1
 Hardware stack levels required when called:    2
 This function calls:
		_LEDControl
 This function is called by:
		Interrupt level 1
 This function uses a non-reentrant model


 *************** function _LEDControl *****************
 Defined at:
		line 93 in file "ZX-FT60F12X-001.C"
 Parameters:    Size  Location     Type
		None
 Auto vars:     Size  Location     Type
		None
 Return value:  Size  Location     Type
                  1    wreg      void 
 Registers used:
		wreg, fsr0l, fsr0h, status,2, status,0, pclath, cstack
 Tracked objects:
		On entry : 
		On exit  : 
		Unchanged: 
 Data sizes:     COMMON   BANK0   BANK1
      Params:         0       0       0
      Locals:         0       0       0
      Temps:          0       0       0
      Totals:         0       0       0
Total ram usage:        0 bytes
 Hardware stack levels used:    1
 Hardware stack levels required when called:    1
 This function calls:
		_Shinking
 This function is called by:
		_ISR
 This function uses a non-reentrant model


 *************** function _Shinking *****************
 Defined at:
		line 68 in file "ZX-FT60F12X-001.C"
 Parameters:    Size  Location     Type
  duty_on         1    wreg     unsigned char 
  duty_off        1    0[COMMON] unsigned char 
 Auto vars:     Size  Location     Type
  duty_on         1    1[COMMON] unsigned char 
 Return value:  Size  Location     Type
                  1    wreg      void 
 Registers used:
		wreg, status,2, status,0
 Tracked objects:
		On entry : 
		On exit  : 
		Unchanged: 
 Data sizes:     COMMON   BANK0   BANK1
      Params:         1       0       0
      Locals:         1       0       0
      Temps:          0       0       0
      Totals:         2       0       0
Total ram usage:        2 bytes
 Hardware stack levels used:    1
 This function calls:
		Nothing
 This function is called by:
		_LEDControl
 This function uses a non-reentrant model



MODULE INFORMATION

Module		Function		Class		Link	Load	Size
ZX-FT60F12X-001.C
		_DelayUs       		CODE           	00A8	0000	11
		_ISR           		CODE           	0060	0000	31
		_main          		CODE           	007E	0000	26
		_Shinking      		CODE           	0097	0000	18
		_Power_Initial 		CODE           	003E	0000	35
		_LEDControl    		CODE           	0018	0000	39

ZX-FT60F12X-001.C estimated size: 160

shared
		__initialization		CODE           	000D	0000	10

shared estimated size: 10



FUNCTION INFORMATION:

 *************** function _main *****************
 Defined at:
		line 146 in file "ZX-FT60F12X-001.C"
 Parameters:    Size  Location     Type
		None
 Auto vars:     Size  Location     Type
  i               1    5[COMMON] unsigned char 
 Return value:  Size  Location     Type
                  2  831[None  ] int 
 Registers used:
		wreg, status,2, status,0, pclath, cstack
 Tracked objects:
		On entry : 
		On exit  : 
		Unchanged: 
 Data sizes:     COMMON   BANK0   BANK1
      Params:         0       0       0
      Locals:         1       0       0
      Temps:          0       0       0
      Totals:         1       0       0
Total ram usage:        1 bytes
 Hardware stack levels required when called:    4
 This function calls:
		_DelayUs
		_Power_Initial
 This function is called by:
		Startup code after reset
 This function uses a non-reentrant model


 *************** function _Power_Initial *****************
 Defined at:
		line 31 in file "ZX-FT60F12X-001.C"
 Parameters:    Size  Location     Type
		None
 Auto vars:     Size  Location     Type
		None
 Return value:  Size  Location     Type
                  1    wreg      void 
 Registers used:
		wreg, status,2
 Tracked objects:
		On entry : 
		On exit  : 
		Unchanged: 
 Data sizes:     COMMON   BANK0   BANK1
      Params:         0       0       0
      Locals:         0       0       0
      Temps:          0       0       0
      Totals:         0       0       0
Total ram usage:        0 bytes
 Hardware stack levels used:    1
 Hardware stack levels required when called:    3
 This function calls:
		Nothing
 This function is called by:
		_main
 This function uses a non-reentrant model


 *************** function _DelayUs *****************
 Defined at:
		line 59 in file "ZX-FT60F12X-001.C"
 Parameters:    Size  Location     Type
  Time            1    wreg     unsigned char 
 Auto vars:     Size  Location     Type
  Time            1    0[BANK0 ] unsigned char 
  a               1    1[BANK0 ] unsigned char 
 Return value:  Size  Location     Type
                  1    wreg      void 
 Registers used:
		wreg, status,2, status,0
 Tracked objects:
		On entry : 
		On exit  : 
		Unchanged: 
 Data sizes:     COMMON   BANK0   BANK1
      Params:         0       0       0
      Locals:         0       2       0
      Temps:          0       0       0
      Totals:         0       2       0
Total ram usage:        2 bytes
 Hardware stack levels used:    1
 Hardware stack levels required when called:    3
 This function calls:
		Nothing
 This function is called by:
		_main
 This function uses a non-reentrant model


 *************** function _ISR *****************
 Defined at:
		line 126 in file "ZX-FT60F12X-001.C"
 Parameters:    Size  Location     Type
		None
 Auto vars:     Size  Location     Type
		None
 Return value:  Size  Location     Type
                  1    wreg      void 
 Registers used:
		wreg, fsr0l, fsr0h, status,2, status,0, pclath, cstack
 Tracked objects:
		On entry : 
		On exit  : 
		Unchanged: 
 Data sizes:     COMMON   BANK0   BANK1
      Params:         0       0       0
      Locals:         0       0       0
      Temps:          3       0       0
      Totals:         3       0       0
Total ram usage:        3 bytes
 Hardware stack levels used:    1
 Hardware stack levels required when called:    2
 This function calls:
		_LEDControl
 This function is called by:
		Interrupt level 1
 This function uses a non-reentrant model


 *************** function _LEDControl *****************
 Defined at:
		line 93 in file "ZX-FT60F12X-001.C"
 Parameters:    Size  Location     Type
		None
 Auto vars:     Size  Location     Type
		None
 Return value:  Size  Location     Type
                  1    wreg      void 
 Registers used:
		wreg, fsr0l, fsr0h, status,2, status,0, pclath, cstack
 Tracked objects:
		On entry : 
		On exit  : 
		Unchanged: 
 Data sizes:     COMMON   BANK0   BANK1
      Params:         0       0       0
      Locals:         0       0       0
      Temps:          0       0       0
      Totals:         0       0       0
Total ram usage:        0 bytes
 Hardware stack levels used:    1
 Hardware stack levels required when called:    1
 This function calls:
		_Shinking
 This function is called by:
		_ISR
 This function uses a non-reentrant model


 *************** function _Shinking *****************
 Defined at:
		line 68 in file "ZX-FT60F12X-001.C"
 Parameters:    Size  Location     Type
  duty_on         1    wreg     unsigned char 
  duty_off        1    0[COMMON] unsigned char 
 Auto vars:     Size  Location     Type
  duty_on         1    1[COMMON] unsigned char 
 Return value:  Size  Location     Type
                  1    wreg      void 
 Registers used:
		wreg, status,2, status,0
 Tracked objects:
		On entry : 
		On exit  : 
		Unchanged: 
 Data sizes:     COMMON   BANK0   BANK1
      Params:         1       0       0
      Locals:         1       0       0
      Temps:          0       0       0
      Totals:         2       0       0
Total ram usage:        2 bytes
 Hardware stack levels used:    1
 This function calls:
		Nothing
 This function is called by:
		_LEDControl
 This function uses a non-reentrant model



MODULE INFORMATION

Module		Function		Class		Link	Load	Size
ZX-FT60F12X-001.C
		_DelayUs       		CODE           	00A8	0000	11
		_ISR           		CODE           	0060	0000	31
		_main          		CODE           	007E	0000	26
		_Shinking      		CODE           	0097	0000	18
		_Power_Initial 		CODE           	003E	0000	35
		_LEDControl    		CODE           	0018	0000	39

ZX-FT60F12X-001.C estimated size: 160

shared
		__initialization		CODE           	000D	0000	10

shared estimated size: 10

