GNU Tool Chain  

Linker command line:

--edf=C:\Program Files (x86)\CCompiler\Compiler\data\dat\en_msgs.txt -cs \
  -h+zx-ch2-m25-60e121.sym --cmf=zx-ch2-m25-60e121.cmf -z -QFT60F12X \
  -oC:\Users\jerry\AppData\Local\Temp\s5a0.2 -Mzx-ch2-m25-60e121.map -E1 \
  -ver=XC8 -ASTACK=050h-06fh -pstack=STACK -ACODE=00h-07FFh \
  -ASTRCODE=00h-07FFh -ASTRING=00h-0FFhx8 -ACONST=00h-0FFhx8 \
  -AENTRY=00h-0FFhx8 -ACOMMON=070h-07Fh -ABANK0=020h-06Fh -ABANK1=0A0h-0BFh \
  -ARAM=020h-06Fh,0A0h-0BFh -AABS1=020h-07Fh,0A0h-0BFh -ASFR0=00h-01Fh \
  -ASFR1=080h-09Fh -preset_vec=00h,intentry=04h,init,end_init \
  -ppowerup=CODE -pcinit=CODE -pfunctab=ENTRY -ACONFIG=02007h-02007h \
  -pconfig=CONFIG -DCONFIG=2 -AIDLOC=02000h-02003h -pidloc=IDLOC -DIDLOC=2 \
  -AEEDATA=00h-0FFh/02100h -peeprom_data=EEDATA -DEEDATA=2 -DCODE=2 \
  -DSTRCODE=2 -DSTRING=2 -DCONST=2 -DENTRY=2 -k \
  C:\Users\jerry\AppData\Local\Temp\s5a0.obj zx-ch2-m25-60e121.obj 

Object code version is 3.11

Machine type is FT60F12X



                Name                               Link     Load   Length Selector   Space Scale
C:\Users\jerry\AppData\Local\Temp\s5a0.obj
                end_init                              D        D        1        8       0
                reset_vec                             0        0        1        0       0
zx-ch2-m25-60e121.obj
                cinit                                 E        E        A        8       0
                intentry                              4        4        9        8       0
                text25                              257      257       57        8       0
                text24                              5EA      5EA       19      BA2       0
                text23                              396      396       41        8       0
                text22                              417      417       3D        8       0
                text21                              642      642        B      BA2       0
                text20                              62D      62D       15      BA2       0
                text19                              3D7      3D7       40        8       0
                text18                              5D1      5D1       19      BA2       0
                text17                              1FC      1FC       5B        8       0
                text16                              618      618       15      BA2       0
                text15                              302      302       50        8       0
                text14                              2AE      2AE       54        8       0
                text13                              4C2      4C2       32        8       0
                text12                              352      352       44        8       0
                text11                              454      454       39        8       0
                text10                               18       18      12C        8       0
                text9                               4F4      4F4       2B        8       0
                text8                               593      593       24        8       0
                text7                               48D      48D       35        8       0
                swtext1                             5B7      5B7       1A      B6E       0
                text6                               144      144       B8        8       0
                text5                               548      548       27        8       0
                text4                               64D      64D        A      BA2       0
                text3                               657      657        9      BA2       0
                text2                               603      603       15      BA2       0
                text1                               56F      56F       24        8       0
                maintext                            51F      51F       29        8       0
                cstackBANK0                          40       40        E       20       1
                cstackCOMMON                         70       70        E       70       1
                clrtext                             660      660        8      BA2       0
                dataBANK0                            4E       4E        2       20       1
                bssBANK0                             20       20       20       20       1

TOTAL           Name                               Link     Load   Length     Space
        CLASS   STACK          

        CLASS   CODE           
                end_init                              D        D        1         0
                cinit                                 E        E        A         0
                intentry                              4        4        9         0
                reset_vec                             0        0        1         0
                text25                              257      257       57         0
                text24                              5EA      5EA       19         0
                text23                              396      396       41         0
                text22                              417      417       3D         0
                text21                              642      642        B         0
                text20                              62D      62D       15         0
                text19                              3D7      3D7       40         0
                text18                              5D1      5D1       19         0
                text17                              1FC      1FC       5B         0
                text16                              618      618       15         0
                text15                              302      302       50         0
                text14                              2AE      2AE       54         0
                text13                              4C2      4C2       32         0
                text12                              352      352       44         0
                text11                              454      454       39         0
                text10                               18       18      12C         0
                text9                               4F4      4F4       2B         0
                text8                               593      593       24         0
                text7                               48D      48D       35         0
                text6                               144      144       B8         0
                text5                               548      548       27         0
                text4                               64D      64D        A         0
                text3                               657      657        9         0
                text2                               603      603       15         0
                text1                               56F      56F       24         0
                maintext                            51F      51F       29         0
                clrtext                             660      660        8         0

        CLASS   STRCODE        

        CLASS   STRING         

        CLASS   CONST          
                swtext1                             5B7      5B7       1A         0

        CLASS   ENTRY          

        CLASS   COMMON         
                cstackCOMMON                         70       70        E         1

        CLASS   BANK0          
                cstackBANK0                          40       40        E         1
                dataBANK0                            4E       4E        2         1
                bssBANK0                             20       20       20         1

        CLASS   BANK1          

        CLASS   RAM            

        CLASS   ABS1           
                abs_s1                               7E       7E        2         1

        CLASS   SFR0           

        CLASS   SFR1           

        CLASS   CONFIG         

        CLASS   IDLOC          

        CLASS   EEDATA         



SEGMENTS        Name                           Load    Length   Top    Selector   Space  Class     Delta

                reset_vec                      000000  000001  000001         0       0  CODE        2
                intentry                       000004  0005B3  0005B7         8       0  CODE        2
                bssBANK0                       000020  000030  000050        20       1  BANK0       1
                cstackCOMMON                   000070  00000E  00007E        70       1  COMMON      1
                swtext1                        0005B7  00001A  0005D1       B6E       0  CONST       2
                text18                         0005D1  000097  000668       BA2       0  CODE        2


UNUSED ADDRESS RANGES

        Name                Unused          Largest block    Delta
        BANK0            050-06F            20           1
        BANK1            0A0-0BF            20           1
        CODE             001-003             3           2
                         668-7FF           198
        CONFIG           2007-2007             1           2
        CONST            001-003             3           2
                         668-7FF            98
        EEDATA           2100-21FF           100           2
        ENTRY            001-003             3           2
                         668-7FF            98
        IDLOC            2000-2003             4           2
        RAM              050-06F            20           1
                         0A0-0BF            20
        SFR0             000-01F            20           1
        SFR1             080-09F            20           1
        STACK            050-06F            20           1
        STRCODE          001-003             3           2
                         668-7FF           198
        STRING           001-003             3           2
                         668-7FF            98

                                  Symbol Table

?___wmul                         cstackCOMMON 070
PL10                             text15       334
PL12                             text10       138
PL14                             text15       33B
PL16                             text6        1F5
PL18                             text17       250
PL2                              text10       12C
PL20                             text11       488
PL22                             text24       5FD
PL24                             text15       341
PL26                             text10       13F
PL28                             text15       347
PL30                             text9        514
PL32                             text9        51A
PL34                             text23       3D3
PL36                             maintext     544
PL38                             text15       34D
PL4                              text7        4BD
PL6                              text10       133
PL8                              text6        1ED
_EEADR                           (abs)        09B
_EECON1                          (abs)        09C
_EEDAT                           (abs)        09A
_EEIF                            (abs)        067
_Flag                            bssBANK0     02C
_GIE                             (abs)        05F
_INTCON                          (abs)        00B
_ISR                             text5        548
_MSCON                           (abs)        01B
_OPTION                          (abs)        081
_OSCCON                          (abs)        08F
_PORTA                           (abs)        005
_PORTC                           (abs)        007
_PSINKA                          (abs)        097
_PSINKC                          (abs)        09F
_PSRCA                           (abs)        088
_PSRCC                           (abs)        094
_RA2                             (abs)        02A
_RA4                             (abs)        02C
_RA5                             (abs)        02D
_RC5                             (abs)        03D
_RD                              (abs)        4E0
_T0IE                            (abs)        05D
_T0IF                            (abs)        05A
_TMR0                            (abs)        001
_TRISA                           (abs)        085
_TRISC                           (abs)        087
_Time                            bssBANK0     020
_WDTCON                          (abs)        018
_WPUA                            (abs)        095
_WPUC                            (abs)        093
_WR                              (abs)        4E8
__Habs1                          abs1         000
__Hbank0                         bank0        000
__Hbank1                         bank1        000
__HbssBANK0                      bssBANK0     000
__Hcinit                         cinit        018
__Hclrtext                       clrtext      000
__Hcode                          code         000
__Hcommon                        common       000
__Hconfig                        config       000
__HcstackBANK0                   cstackBANK0  000
__HcstackCOMMON                  cstackCOMMON 000
__HdataBANK0                     dataBANK0    000
__Heeprom_data                   eeprom_data  000
__Hend_init                      end_init     00E
__Hfunctab                       functab      000
__HidataBANK0                    idataBANK0   000
__Hidloc                         idloc        000
__Hinit                          init         00D
__Hintentry                      intentry     00D
__Hmaintext                      maintext     000
__Hpa_nodes0                     pa_nodes0    000
__Hpowerup                       powerup      000
__Hram                           ram          000
__Hreset_vec                     reset_vec    001
__Hsfr0                          sfr0         000
__Hsfr1                          sfr1         000
__Hspace_0                       (abs)        668
__Hspace_1                       (abs)        07E
__Hspace_2                       (abs)        000
__Hspace_3                       (abs)        000
__Hstack                         stack        000
__Hstrings                       strings      000
__Htext                          text         000
__Labs1                          abs1         000
__Lbank0                         bank0        000
__Lbank1                         bank1        000
__LbssBANK0                      bssBANK0     000
__Lcinit                         cinit        00E
__Lclrtext                       clrtext      000
__Lcode                          code         000
__Lcommon                        common       000
__Lconfig                        config       000
__LcstackBANK0                   cstackBANK0  000
__LcstackCOMMON                  cstackCOMMON 000
__LdataBANK0                     dataBANK0    000
__Leeprom_data                   eeprom_data  000
__Lend_init                      end_init     00D
__Lfunctab                       functab      000
__LidataBANK0                    idataBANK0   000
__Lidloc                         idloc        000
__Linit                          init         00D
__Lintentry                      intentry     004
__Lmaintext                      maintext     000
__Lpa_nodes0                     pa_nodes0    000
__Lpowerup                       powerup      000
__Lram                           ram          000
__Lreset_vec                     reset_vec    000
__Lsfr0                          sfr0         000
__Lsfr1                          sfr1         000
__Lspace_0                       (abs)        000
__Lspace_1                       (abs)        000
__Lspace_2                       (abs)        000
__Lspace_3                       (abs)        000
__Lstack                         stack        000
__Lstrings                       strings      000
__Ltext                          text         000
__S0                             (abs)        668
__S1                             (abs)        07E
__S2                             (abs)        000
__S3                             (abs)        000
___int_sp                        stack        000
___latbits                       (abs)        000
___sp                            stack        000
___wmul                          text18       5D1
___wmul@multiplicand             cstackCOMMON 072
___wmul@multiplier               cstackCOMMON 070
___wmul@product                  cstackCOMMON 074
__end_ofPL10                     text15       33B
__end_ofPL12                     text10       13F
__end_ofPL14                     text15       341
__end_ofPL16                     text6        1FC
__end_ofPL18                     text17       257
__end_ofPL2                      text10       133
__end_ofPL20                     text11       48D
__end_ofPL22                     text24       603
__end_ofPL24                     text15       347
__end_ofPL26                     text10       144
__end_ofPL28                     text15       34D
__end_ofPL30                     text9        51A
__end_ofPL32                     text9        51F
__end_ofPL34                     text23       3D7
__end_ofPL36                     maintext     548
__end_ofPL38                     text15       352
__end_ofPL4                      text7        4C2
__end_ofPL6                      text10       138
__end_ofPL8                      text6        1F5
__end_of_ISR                     text5        56F
__end_of___wmul                  text18       5EA
__end_of__initialization         cinit        016
__end_of_alternatingLedControl   text19       417
__end_of_delayUs                 text4        657
__end_of_do1314                  text17       250
__end_of_do15                    text15       334
__end_of_do16                    text14       302
__end_of_do17                    text13       4F4
__end_of_do18                    text12       396
__end_of_do1920                  text11       488
__end_of_do23                    text10       12C
__end_of_do8                     text9        514
__end_of_eepromRead              text3        660
__end_of_eepromWrite             text2        618
__end_of_initVariables           text25       2AE
__end_of_keyCheck                text23       3D3
__end_of_keyPosCheck             text22       454
__end_of_ledDisplay              text21       64D
__end_of_main                    maintext     544
__end_of_modeMachine             text6        1ED
__end_of_powerInitial            text1        593
__end_of_shinking                text20       642
__end_of_shinking2               text16       62D
__end_of_staggeredLedControl     text8        5B7
__end_of_synchronizedLedControl  text7        4BD
__end_ofi1_eepromWrite           text24       5FD
__initialization                 cinit        00E
__pbssBANK0                      bssBANK0     020
__pcstackBANK0                   cstackBANK0  040
__pcstackCOMMON                  cstackCOMMON 070
__pdataBANK0                     dataBANK0    04E
__pidataBANK0                    idataBANK0   000
__pintentry                      intentry     004
__pmaintext                      maintext     51F
__pswtext1                       swtext1      5B7
__ptext1                         text1        56F
__ptext10                        text10       018
__ptext11                        text11       454
__ptext12                        text12       352
__ptext13                        text13       4C2
__ptext14                        text14       2AE
__ptext15                        text15       302
__ptext16                        text16       618
__ptext17                        text17       1FC
__ptext18                        text18       5D1
__ptext19                        text19       3D7
__ptext2                         text2        603
__ptext20                        text20       62D
__ptext21                        text21       642
__ptext22                        text22       417
__ptext23                        text23       396
__ptext24                        text24       5EA
__ptext25                        text25       257
__ptext3                         text3        657
__ptext4                         text4        64D
__ptext5                         text5        548
__ptext6                         text6        144
__ptext7                         text7        48D
__ptext8                         text8        593
__ptext9                         text9        4F4
__size_of_ISR                    (abs)        000
__size_of___wmul                 (abs)        000
__size_of_alternatingLedControl  (abs)        000
__size_of_delayUs                (abs)        000
__size_of_do1314                 (abs)        000
__size_of_do15                   (abs)        000
__size_of_do16                   (abs)        000
__size_of_do17                   (abs)        000
__size_of_do18                   (abs)        000
__size_of_do1920                 (abs)        000
__size_of_do23                   (abs)        000
__size_of_do8                    (abs)        000
__size_of_eepromRead             (abs)        000
__size_of_eepromWrite            (abs)        000
__size_of_initVariables          (abs)        000
__size_of_keyCheck               (abs)        000
__size_of_keyPosCheck            (abs)        000
__size_of_ledDisplay             (abs)        000
__size_of_main                   (abs)        000
__size_of_modeMachine            (abs)        000
__size_of_powerInitial           (abs)        000
__size_of_shinking               (abs)        000
__size_of_shinking2              (abs)        000
__size_of_staggeredLedControl    (abs)        000
__size_of_synchronizedLedControl (abs)        000
__size_ofi1_eepromWrite          (abs)        000
_alternatingLedControl           text19       3D7
_counter                         bssBANK0     03E
_currentLed                      dataBANK0    04F
_dang                            bssBANK0     03A
_delayCounter                    bssBANK0     02A
_delayUs                         text4        64D
_do1314                          text17       1FC
_do1314$1160                     cstackBANK0  041
_do1314$1161                     cstackBANK0  043
_do1314$1162                     cstackBANK0  045
_do15                            text15       302
_do16                            text14       2AE
_do16$1164                       cstackCOMMON 07A
_do16$1165                       cstackCOMMON 07C
_do17                            text13       4C2
_do18                            text12       352
_do1920                          text11       454
_do1920$1175                     cstackBANK0  040
_do1920$1176                     cstackBANK0  042
_do23                            text10       018
_do8                             text9        4F4
_eepromRead                      text3        657
_eepromWrite                     text2        603
_highCounter                     bssBANK0     034
_highPhase                       bssBANK0     032
_initVariables                   text25       257
_keyCheck                        text23       396
_keyCheck$1199                   cstackCOMMON 072
_keyPosCheck                     text22       417
_keyPosCheck$1203                cstackCOMMON 072
_lastShanCnt2Div4                bssBANK0     036
_ledBits                         bssBANK0     039
_ledDisplay                      text21       642
_ledMask                         dataBANK0    04E
_ledPhase                        bssBANK0     038
_lowCounter                      bssBANK0     035
_lowPhase                        bssBANK0     033
_main                            maintext     51F
_modeMachine                     text6        144
_phase2SwitchCnt                 bssBANK0     037
_powerInitial                    text1        56F
_shanCnt                         bssBANK0     03F
_shanCnt2                        bssBANK0     03D
_shinkBits                       bssBANK0     03B
_shinkBits2                      bssBANK0     03C
_shinking                        text20       62D
_shinking2                       text16       618
_staggeredLedControl             text8        593
_subHighPhase                    bssBANK0     030
_subLowPhase                     bssBANK0     031
_synchronizedLedControl          text7        48D
alternatingLedControl@flashTime  cstackCOMMON 07D
alternatingLedControl@holdTime   cstackCOMMON 07A
btemp                            (abs)        07E
clear_ram0                       clrtext      660
delayUs@a                        cstackBANK0  04C
delayUs@timeUs                   cstackBANK0  04B
do1314@dang                      cstackBANK0  040
do15@currentDiv4                 cstackCOMMON 07C
do15@prevShinkBits               cstackCOMMON 07B
do17@currentDiv4                 cstackCOMMON 07C
do17@prevShinkBits               cstackCOMMON 07B
do1920@dang                      cstackBANK0  044
eepromRead@eeAddr                cstackBANK0  04B
eepromRead@reEepromRead          cstackBANK0  04C
eepromWrite@data                 cstackBANK0  04B
eepromWrite@eeAddr               cstackBANK0  04C
end_of_initialization            cinit        016
i1_eepromWrite                   text24       5EA
i1eepromWrite@data               cstackCOMMON 070
i1eepromWrite@eeAddr             cstackCOMMON 071
initVariables@dang               cstackCOMMON 070
interrupt_function               intentry     004
intlevel0                        functab      000
intlevel1                        functab      000
intlevel2                        functab      000
intlevel3                        functab      000
intlevel4                        functab      000
intlevel5                        functab      000
keyCheck@keyState                bssBANK0     02F
keyPosCheck@keyState             bssBANK0     02E
main@i                           cstackBANK0  04D
reset_vec                        reset_vec    000
saved_w                          (abs)        07E
shinking2@dutyoff                cstackCOMMON 072
shinking2@dutyon                 cstackCOMMON 070
shinking@dutyOff                 cstackCOMMON 078
shinking@dutyOn                  cstackCOMMON 076
stackhi                          (abs)        000
stacklo                          (abs)        000
staggeredLedControl@flashOff     cstackCOMMON 07C
staggeredLedControl@flashOn      cstackCOMMON 07A
start                            init         00D
start_initialization             cinit        00E
synchronizedLedControl@flashTime cstackBANK0  040
synchronizedLedControl@holdTime  cstackCOMMON 07A
synchronizedLedControl@offTime   cstackCOMMON 07C
wtemp0                           (abs)        07E


FUNCTION INFORMATION:

 *************** function _main *****************
 Defined at:
		line 1025 in file "ZX-CH2-M25-60E121.C"
 Parameters:    Size  Location     Type
		None
 Auto vars:     Size  Location     Type
  i               1   13[BANK0 ] unsigned char 
 Return value:  Size  Location     Type
                  2  1136[None  ] int 
 Registers used:
		wreg, status,2, status,0, pclath, cstack
 Tracked objects:
		On entry : 
		On exit  : 
		Unchanged: 
 Data sizes:     COMMON   BANK0   BANK1
      Params:         0       0       0
      Locals:         0       1       0
      Temps:          0       0       0
      Totals:         0       1       0
Total ram usage:        1 bytes
 Hardware stack levels required when called:    5
 This function calls:
		_delayUs
		_eepromRead
		_eepromWrite
		_powerInitial
 This function is called by:
		Startup code after reset
 This function uses a non-reentrant model


 *************** function _powerInitial *****************
 Defined at:
		line 946 in file "ZX-CH2-M25-60E121.C"
 Parameters:    Size  Location     Type
		None
 Auto vars:     Size  Location     Type
		None
 Return value:  Size  Location     Type
                  1    wreg      void 
 Registers used:
		wreg, status,2
 Tracked objects:
		On entry : 
		On exit  : 
		Unchanged: 
 Data sizes:     COMMON   BANK0   BANK1
      Params:         0       0       0
      Locals:         0       0       0
      Temps:          0       0       0
      Totals:         0       0       0
Total ram usage:        0 bytes
 Hardware stack levels used:    1
 Hardware stack levels required when called:    4
 This function calls:
		Nothing
 This function is called by:
		_main
 This function uses a non-reentrant model


 *************** function _eepromWrite *****************
 Defined at:
		line 1007 in file "ZX-CH2-M25-60E121.C"
 Parameters:    Size  Location     Type
  eeAddr          1    wreg     unsigned char 
  data            1   11[BANK0 ] unsigned char 
 Auto vars:     Size  Location     Type
  eeAddr          1   12[BANK0 ] unsigned char 
 Return value:  Size  Location     Type
                  1    wreg      void 
 Registers used:
		wreg, status,2, status,0
 Tracked objects:
		On entry : 
		On exit  : 
		Unchanged: 
 Data sizes:     COMMON   BANK0   BANK1
      Params:         0       1       0
      Locals:         0       1       0
      Temps:          0       0       0
      Totals:         0       2       0
Total ram usage:        2 bytes
 Hardware stack levels used:    1
 Hardware stack levels required when called:    4
 This function calls:
		Nothing
 This function is called by:
		_main
 This function uses a non-reentrant model


 *************** function _eepromRead *****************
 Defined at:
		line 998 in file "ZX-CH2-M25-60E121.C"
 Parameters:    Size  Location     Type
  eeAddr          1    wreg     unsigned char 
 Auto vars:     Size  Location     Type
  eeAddr          1   11[BANK0 ] unsigned char 
  reEepromRead    1   12[BANK0 ] unsigned char 
 Return value:  Size  Location     Type
                  1    wreg      unsigned char 
 Registers used:
		wreg
 Tracked objects:
		On entry : 
		On exit  : 
		Unchanged: 
 Data sizes:     COMMON   BANK0   BANK1
      Params:         0       0       0
      Locals:         0       2       0
      Temps:          0       0       0
      Totals:         0       2       0
Total ram usage:        2 bytes
 Hardware stack levels used:    1
 Hardware stack levels required when called:    4
 This function calls:
		Nothing
 This function is called by:
		_main
 This function uses a non-reentrant model


 *************** function _delayUs *****************
 Defined at:
		line 989 in file "ZX-CH2-M25-60E121.C"
 Parameters:    Size  Location     Type
  timeUs          1    wreg     unsigned char 
 Auto vars:     Size  Location     Type
  timeUs          1   11[BANK0 ] unsigned char 
  a               1   12[BANK0 ] unsigned char 
 Return value:  Size  Location     Type
                  1    wreg      void 
 Registers used:
		wreg, status,2, status,0
 Tracked objects:
		On entry : 
		On exit  : 
		Unchanged: 
 Data sizes:     COMMON   BANK0   BANK1
      Params:         0       0       0
      Locals:         0       2       0
      Temps:          0       0       0
      Totals:         0       2       0
Total ram usage:        2 bytes
 Hardware stack levels used:    1
 Hardware stack levels required when called:    4
 This function calls:
		Nothing
 This function is called by:
		_main
 This function uses a non-reentrant model


 *************** function _ISR *****************
 Defined at:
		line 972 in file "ZX-CH2-M25-60E121.C"
 Parameters:    Size  Location     Type
		None
 Auto vars:     Size  Location     Type
		None
 Return value:  Size  Location     Type
                  1    wreg      void 
 Registers used:
		wreg, fsr0l, fsr0h, status,2, status,0, pclath, cstack
 Tracked objects:
		On entry : 
		On exit  : 
		Unchanged: 
 Data sizes:     COMMON   BANK0   BANK1
      Params:         0       0       0
      Locals:         0       0       0
      Temps:          0       3       0
      Totals:         0       3       0
Total ram usage:        3 bytes
 Hardware stack levels used:    1
 Hardware stack levels required when called:    3
 This function calls:
		_keyCheck
		_keyPosCheck
		_ledDisplay
		_modeMachine
 This function is called by:
		Interrupt level 1
 This function uses a non-reentrant model


 *************** function _modeMachine *****************
 Defined at:
		line 717 in file "ZX-CH2-M25-60E121.C"
 Parameters:    Size  Location     Type
		None
 Auto vars:     Size  Location     Type
		None
 Return value:  Size  Location     Type
                  1    wreg      void 
 Registers used:
		wreg, fsr0l, fsr0h, status,2, status,0, pclath, cstack
 Tracked objects:
		On entry : 
		On exit  : 
		Unchanged: 
 Data sizes:     COMMON   BANK0   BANK1
      Params:         0       0       0
      Locals:         0       0       0
      Temps:          0       1       0
      Totals:         0       1       0
Total ram usage:        1 bytes
 Hardware stack levels used:    1
 Hardware stack levels required when called:    2
 This function calls:
		_alternatingLedControl
		_do1314
		_do15
		_do16
		_do17
		_do18
		_do1920
		_do23
		_do8
		_shinking
		_shinking2
		_staggeredLedControl
		_synchronizedLedControl
 This function is called by:
		_ISR
 This function uses a non-reentrant model


 *************** function _synchronizedLedControl *****************
 Defined at:
		line 182 in file "ZX-CH2-M25-60E121.C"
 Parameters:    Size  Location     Type
  flashTime       1    wreg     unsigned char 
  holdTime        2   10[COMMON] unsigned int 
  offTime         2   12[COMMON] unsigned int 
 Auto vars:     Size  Location     Type
  flashTime       1    0[BANK0 ] unsigned char 
 Return value:  Size  Location     Type
                  1    wreg      void 
 Registers used:
		wreg, status,2, status,0, pclath, cstack
 Tracked objects:
		On entry : 
		On exit  : 
		Unchanged: 
 Data sizes:     COMMON   BANK0   BANK1
      Params:         4       0       0
      Locals:         0       1       0
      Temps:          0       0       0
      Totals:         4       1       0
Total ram usage:        5 bytes
 Hardware stack levels used:    1
 Hardware stack levels required when called:    1
 This function calls:
		_shinking
 This function is called by:
		_modeMachine
 This function uses a non-reentrant model


 *************** function _staggeredLedControl *****************
 Defined at:
		line 238 in file "ZX-CH2-M25-60E121.C"
 Parameters:    Size  Location     Type
  flashOn         2   10[COMMON] unsigned int 
  flashOff        2   12[COMMON] unsigned int 
 Auto vars:     Size  Location     Type
		None
 Return value:  Size  Location     Type
                  1    wreg      void 
 Registers used:
		wreg, status,2, status,0, pclath, cstack
 Tracked objects:
		On entry : 
		On exit  : 
		Unchanged: 
 Data sizes:     COMMON   BANK0   BANK1
      Params:         4       0       0
      Locals:         0       0       0
      Temps:          0       1       0
      Totals:         4       1       0
Total ram usage:        5 bytes
 Hardware stack levels used:    1
 Hardware stack levels required when called:    1
 This function calls:
		_shinking
		_shinking2
 This function is called by:
		_modeMachine
 This function uses a non-reentrant model


 *************** function _do8 *****************
 Defined at:
		line 210 in file "ZX-CH2-M25-60E121.C"
 Parameters:    Size  Location     Type
		None
 Auto vars:     Size  Location     Type
		None
 Return value:  Size  Location     Type
                  1    wreg      void 
 Registers used:
		wreg, status,2, status,0, pclath, cstack
 Tracked objects:
		On entry : 
		On exit  : 
		Unchanged: 
 Data sizes:     COMMON   BANK0   BANK1
      Params:         0       0       0
      Locals:         0       0       0
      Temps:          0       0       0
      Totals:         0       0       0
Total ram usage:        0 bytes
 Hardware stack levels used:    1
 Hardware stack levels required when called:    1
 This function calls:
		_shinking
 This function is called by:
		_modeMachine
 This function uses a non-reentrant model


 *************** function _do23 *****************
 Defined at:
		line 478 in file "ZX-CH2-M25-60E121.C"
 Parameters:    Size  Location     Type
		None
 Auto vars:     Size  Location     Type
		None
 Return value:  Size  Location     Type
                  1    wreg      void 
 Registers used:
		wreg, status,2, status,0, pclath, cstack
 Tracked objects:
		On entry : 
		On exit  : 
		Unchanged: 
 Data sizes:     COMMON   BANK0   BANK1
      Params:         0       0       0
      Locals:         0       0       0
      Temps:          1       0       0
      Totals:         1       0       0
Total ram usage:        1 bytes
 Hardware stack levels used:    1
 Hardware stack levels required when called:    1
 This function calls:
		_shinking
		_shinking2
 This function is called by:
		_modeMachine
 This function uses a non-reentrant model


 *************** function _do1920 *****************
 Defined at:
		line 461 in file "ZX-CH2-M25-60E121.C"
 Parameters:    Size  Location     Type
  dang            1    wreg     unsigned char 
 Auto vars:     Size  Location     Type
  dang            1    4[BANK0 ] unsigned char 
 Return value:  Size  Location     Type
                  1    wreg      void 
 Registers used:
		wreg, status,2, status,0, pclath, cstack
 Tracked objects:
		On entry : 
		On exit  : 
		Unchanged: 
 Data sizes:     COMMON   BANK0   BANK1
      Params:         0       0       0
      Locals:         0       5       0
      Temps:          1       0       0
      Totals:         1       5       0
Total ram usage:        6 bytes
 Hardware stack levels used:    1
 Hardware stack levels required when called:    1
 This function calls:
		_shinking
		_shinking2
 This function is called by:
		_modeMachine
 This function uses a non-reentrant model


 *************** function _do18 *****************
 Defined at:
		line 412 in file "ZX-CH2-M25-60E121.C"
 Parameters:    Size  Location     Type
		None
 Auto vars:     Size  Location     Type
		None
 Return value:  Size  Location     Type
                  1    wreg      void 
 Registers used:
		wreg, status,2, status,0, pclath, cstack
 Tracked objects:
		On entry : 
		On exit  : 
		Unchanged: 
 Data sizes:     COMMON   BANK0   BANK1
      Params:         0       0       0
      Locals:         0       0       0
      Temps:          0       0       0
      Totals:         0       0       0
Total ram usage:        0 bytes
 Hardware stack levels used:    1
 Hardware stack levels required when called:    1
 This function calls:
		_shinking
 This function is called by:
		_modeMachine
 This function uses a non-reentrant model


 *************** function _do17 *****************
 Defined at:
		line 379 in file "ZX-CH2-M25-60E121.C"
 Parameters:    Size  Location     Type
		None
 Auto vars:     Size  Location     Type
  currentDiv4     1   12[COMMON] unsigned char 
  prevShinkBit    1   11[COMMON] unsigned char 
 Return value:  Size  Location     Type
                  1    wreg      void 
 Registers used:
		wreg, status,2, status,0, pclath, cstack
 Tracked objects:
		On entry : 
		On exit  : 
		Unchanged: 
 Data sizes:     COMMON   BANK0   BANK1
      Params:         0       0       0
      Locals:         2       0       0
      Temps:          1       0       0
      Totals:         3       0       0
Total ram usage:        3 bytes
 Hardware stack levels used:    1
 Hardware stack levels required when called:    1
 This function calls:
		_shinking
		_shinking2
 This function is called by:
		_modeMachine
 This function uses a non-reentrant model


 *************** function _do16 *****************
 Defined at:
		line 293 in file "ZX-CH2-M25-60E121.C"
 Parameters:    Size  Location     Type
		None
 Auto vars:     Size  Location     Type
		None
 Return value:  Size  Location     Type
                  1    wreg      void 
 Registers used:
		wreg, status,2, status,0, pclath, cstack
 Tracked objects:
		On entry : 
		On exit  : 
		Unchanged: 
 Data sizes:     COMMON   BANK0   BANK1
      Params:         0       0       0
      Locals:         4       0       0
      Temps:          0       0       0
      Totals:         4       0       0
Total ram usage:        4 bytes
 Hardware stack levels used:    1
 Hardware stack levels required when called:    1
 This function calls:
		_shinking
 This function is called by:
		_modeMachine
 This function uses a non-reentrant model


 *************** function _do15 *****************
 Defined at:
		line 346 in file "ZX-CH2-M25-60E121.C"
 Parameters:    Size  Location     Type
		None
 Auto vars:     Size  Location     Type
  currentDiv4     1   12[COMMON] unsigned char 
  prevShinkBit    1   11[COMMON] unsigned char 
 Return value:  Size  Location     Type
                  1    wreg      void 
 Registers used:
		wreg, status,2, status,0, pclath, cstack
 Tracked objects:
		On entry : 
		On exit  : 
		Unchanged: 
 Data sizes:     COMMON   BANK0   BANK1
      Params:         0       0       0
      Locals:         2       0       0
      Temps:          1       0       0
      Totals:         3       0       0
Total ram usage:        3 bytes
 Hardware stack levels used:    1
 Hardware stack levels required when called:    1
 This function calls:
		_shinking
		_shinking2
 This function is called by:
		_modeMachine
 This function uses a non-reentrant model


 *************** function _shinking2 *****************
 Defined at:
		line 113 in file "ZX-CH2-M25-60E121.C"
 Parameters:    Size  Location     Type
  dutyon          2    0[COMMON] unsigned int 
  dutyoff         2    2[COMMON] unsigned int 
 Auto vars:     Size  Location     Type
		None
 Return value:  Size  Location     Type
                  1    wreg      void 
 Registers used:
		wreg, status,2, status,0
 Tracked objects:
		On entry : 
		On exit  : 
		Unchanged: 
 Data sizes:     COMMON   BANK0   BANK1
      Params:         4       0       0
      Locals:         0       0       0
      Temps:          0       0       0
      Totals:         4       0       0
Total ram usage:        4 bytes
 Hardware stack levels used:    1
 This function calls:
		Nothing
 This function is called by:
		_staggeredLedControl
		_do15
		_do17
		_do1920
		_do23
		_modeMachine
 This function uses a non-reentrant model


 *************** function _do1314 *****************
 Defined at:
		line 253 in file "ZX-CH2-M25-60E121.C"
 Parameters:    Size  Location     Type
  dang            1    wreg     unsigned char 
 Auto vars:     Size  Location     Type
  dang            1    0[BANK0 ] unsigned char 
 Return value:  Size  Location     Type
                  1    wreg      void 
 Registers used:
		wreg, status,2, status,0, pclath, cstack
 Tracked objects:
		On entry : 
		On exit  : 
		Unchanged: 
 Data sizes:     COMMON   BANK0   BANK1
      Params:         0       0       0
      Locals:         0       7       0
      Temps:          0       0       0
      Totals:         0       7       0
Total ram usage:        7 bytes
 Hardware stack levels used:    1
 Hardware stack levels required when called:    1
 This function calls:
		___wmul
		_shinking
 This function is called by:
		_modeMachine
 This function uses a non-reentrant model


 *************** function ___wmul *****************
 Defined at:
		line 15 in file "C:\Program Files (x86)\CCompiler\Compiler\data\sources\common\Umul16.c"
 Parameters:    Size  Location     Type
  multiplier      2    0[COMMON] unsigned int 
  multiplicand    2    2[COMMON] unsigned int 
 Auto vars:     Size  Location     Type
  product         2    4[COMMON] unsigned int 
 Return value:  Size  Location     Type
                  2    0[COMMON] unsigned int 
 Registers used:
		wreg, status,2, status,0
 Tracked objects:
		On entry : 
		On exit  : 
		Unchanged: 
 Data sizes:     COMMON   BANK0   BANK1
      Params:         4       0       0
      Locals:         2       0       0
      Temps:          0       0       0
      Totals:         6       0       0
Total ram usage:        6 bytes
 Hardware stack levels used:    1
 This function calls:
		Nothing
 This function is called by:
		_do1314
 This function uses a non-reentrant model


 *************** function _alternatingLedControl *****************
 Defined at:
		line 151 in file "ZX-CH2-M25-60E121.C"
 Parameters:    Size  Location     Type
  flashTime       1    wreg     unsigned char 
  holdTime        2   10[COMMON] unsigned int 
 Auto vars:     Size  Location     Type
  flashTime       1   13[COMMON] unsigned char 
 Return value:  Size  Location     Type
                  1    wreg      void 
 Registers used:
		wreg, status,2, status,0, pclath, cstack
 Tracked objects:
		On entry : 
		On exit  : 
		Unchanged: 
 Data sizes:     COMMON   BANK0   BANK1
      Params:         2       0       0
      Locals:         1       0       0
      Temps:          1       0       0
      Totals:         4       0       0
Total ram usage:        4 bytes
 Hardware stack levels used:    1
 Hardware stack levels required when called:    1
 This function calls:
		_shinking
 This function is called by:
		_modeMachine
 This function uses a non-reentrant model


 *************** function _shinking *****************
 Defined at:
		line 131 in file "ZX-CH2-M25-60E121.C"
 Parameters:    Size  Location     Type
  dutyOn          2    6[COMMON] unsigned int 
  dutyOff         2    8[COMMON] unsigned int 
 Auto vars:     Size  Location     Type
		None
 Return value:  Size  Location     Type
                  1    wreg      void 
 Registers used:
		wreg, status,2, status,0
 Tracked objects:
		On entry : 
		On exit  : 
		Unchanged: 
 Data sizes:     COMMON   BANK0   BANK1
      Params:         4       0       0
      Locals:         0       0       0
      Temps:          0       0       0
      Totals:         4       0       0
Total ram usage:        4 bytes
 Hardware stack levels used:    1
 This function calls:
		Nothing
 This function is called by:
		_alternatingLedControl
		_synchronizedLedControl
		_do8
		_staggeredLedControl
		_do1314
		_do16
		_do15
		_do17
		_do18
		_do1920
		_do23
		_modeMachine
 This function uses a non-reentrant model


 *************** function _ledDisplay *****************
 Defined at:
		line 99 in file "ZX-CH2-M25-60E121.C"
 Parameters:    Size  Location     Type
		None
 Auto vars:     Size  Location     Type
		None
 Return value:  Size  Location     Type
                  1    wreg      void 
 Registers used:
		None
 Tracked objects:
		On entry : 
		On exit  : 
		Unchanged: 
 Data sizes:     COMMON   BANK0   BANK1
      Params:         0       0       0
      Locals:         0       0       0
      Temps:          0       0       0
      Totals:         0       0       0
Total ram usage:        0 bytes
 Hardware stack levels used:    1
 This function calls:
		Nothing
 This function is called by:
		_ISR
 This function uses a non-reentrant model


 *************** function _keyPosCheck *****************
 Defined at:
		line 908 in file "ZX-CH2-M25-60E121.C"
 Parameters:    Size  Location     Type
		None
 Auto vars:     Size  Location     Type
		None
 Return value:  Size  Location     Type
                  1    wreg      void 
 Registers used:
		wreg, status,2, status,0, pclath, cstack
 Tracked objects:
		On entry : 
		On exit  : 
		Unchanged: 
 Data sizes:     COMMON   BANK0   BANK1
      Params:         0       0       0
      Locals:         2       0       0
      Temps:          0       0       0
      Totals:         2       0       0
Total ram usage:        2 bytes
 Hardware stack levels used:    1
 Hardware stack levels required when called:    1
 This function calls:
		_initVariables
		i1_eepromWrite
 This function is called by:
		_ISR
 This function uses a non-reentrant model


 *************** function _keyCheck *****************
 Defined at:
		line 871 in file "ZX-CH2-M25-60E121.C"
 Parameters:    Size  Location     Type
		None
 Auto vars:     Size  Location     Type
		None
 Return value:  Size  Location     Type
                  1    wreg      void 
 Registers used:
		wreg, status,2, status,0, pclath, cstack
 Tracked objects:
		On entry : 
		On exit  : 
		Unchanged: 
 Data sizes:     COMMON   BANK0   BANK1
      Params:         0       0       0
      Locals:         2       0       0
      Temps:          0       0       0
      Totals:         2       0       0
Total ram usage:        2 bytes
 Hardware stack levels used:    1
 Hardware stack levels required when called:    1
 This function calls:
		_initVariables
		i1_eepromWrite
 This function is called by:
		_ISR
 This function uses a non-reentrant model


 *************** function i1_eepromWrite *****************
 Defined at:
		line 1007 in file "ZX-CH2-M25-60E121.C"
 Parameters:    Size  Location     Type
  eeAddr          1    wreg     unsigned char 
  data            1    0[COMMON] unsigned char 
 Auto vars:     Size  Location     Type
  eeAddr          1    1[COMMON] unsigned char 
 Return value:  Size  Location     Type
                  1    wreg      void 
 Registers used:
		wreg, status,2, status,0
 Tracked objects:
		On entry : 
		On exit  : 
		Unchanged: 
 Data sizes:     COMMON   BANK0   BANK1
      Params:         1       0       0
      Locals:         1       0       0
      Temps:          0       0       0
      Totals:         2       0       0
Total ram usage:        2 bytes
 Hardware stack levels used:    1
 This function calls:
		Nothing
 This function is called by:
		_keyCheck
		_keyPosCheck
 This function uses a non-reentrant model


 *************** function _initVariables *****************
 Defined at:
		line 818 in file "ZX-CH2-M25-60E121.C"
 Parameters:    Size  Location     Type
  dang            1    wreg     unsigned char 
 Auto vars:     Size  Location     Type
  dang            1    0[COMMON] unsigned char 
 Return value:  Size  Location     Type
                  1    wreg      void 
 Registers used:
		wreg, status,2, status,0
 Tracked objects:
		On entry : 
		On exit  : 
		Unchanged: 
 Data sizes:     COMMON   BANK0   BANK1
      Params:         0       0       0
      Locals:         1       0       0
      Temps:          0       0       0
      Totals:         1       0       0
Total ram usage:        1 bytes
 Hardware stack levels used:    1
 This function calls:
		Nothing
 This function is called by:
		_keyCheck
		_keyPosCheck
 This function uses a non-reentrant model



MODULE INFORMATION

Module		Function		Class		Link	Load	Size
C:\Program Files (x86)\CCompiler\Compiler\data\sources\common\Umul16.c
		___wmul        		CODE           	05D1	0000	26

C:\Program Files (x86)\CCompiler\Compiler\data\sources\common\Umul16.c estimated size: 26

ZX-CH2-M25-60E121.C
		_alternatingLedControl		CODE           	03D7	0000	65
		_do23          		CODE           	0018	0000	277
		_synchronizedLedControl		CODE           	048D	0000	49
		_keyCheck      		CODE           	0396	0000	62
		_staggeredLedControl		CODE           	0593	0000	37
		_ISR           		CODE           	0548	0000	40
		_do15          		CODE           	0302	0000	51
		_ledDisplay    		CODE           	0642	0000	12
		_keyPosCheck   		CODE           	0417	0000	62
		_do16          		CODE           	02AE	0000	85
		_main          		CODE           	051F	0000	38
		_do1314        		CODE           	01FC	0000	85
		_modeMachine   		CODE           	0144	0000	170
		_do17          		CODE           	04C2	0000	51
		_eepromWrite   		CODE           	0603	0000	22
		_do18          		CODE           	0352	0000	69
		_delayUs       		CODE           	064D	0000	11
		_do1920        		CODE           	0454	0000	53
		_shinking      		CODE           	062D	0000	22
		_shinking2     		CODE           	0618	0000	22
		_initVariables 		CODE           	0257	0000	88
		_powerInitial  		CODE           	056F	0000	37
		_do8           		CODE           	04F4	0000	33
		_eepromRead    		CODE           	0657	0000	10

ZX-CH2-M25-60E121.C estimated size: 1451

shared
		PL12           		CODE           	0138	0000	8
		PL8            		CODE           	01ED	0000	9
		PL22           		CODE           	05FD	0000	7
		PL32           		CODE           	051A	0000	6
		PL14           		CODE           	033B	0000	7
		PL24           		CODE           	0341	0000	7
		PL34           		CODE           	03D3	0000	5
		PL16           		CODE           	01F5	0000	8
		PL26           		CODE           	013F	0000	6
		PL36           		CODE           	0544	0000	5
		PL18           		CODE           	0250	0000	8
		PL28           		CODE           	0347	0000	7
		PL38           		CODE           	034D	0000	6
		__initialization		CODE           	000E	0000	9
		i1_eepromWrite 		CODE           	05EA	0000	20
		PL2            		CODE           	012C	0000	8
		PL10           		CODE           	0334	0000	8
		PL4            		CODE           	04BD	0000	6
		PL20           		CODE           	0488	0000	6
		PL30           		CODE           	0514	0000	7
		PL6            		CODE           	0133	0000	6

shared estimated size: 159

