GNU Tool Chain  

Linker command line:

--edf=d:\Program Files (x86)\CCompiler\Compiler\data\dat\en_msgs.txt -cs \
  -h+zx-ft60f12x-4bit.sym --cmf=zx-ft60f12x-4bit.cmf -z -QFT60F12X \
  -oC:\Users\Jerry\AppData\Local\Temp\saj8.2 -Mzx-ft60f12x-4bit.map -E1 \
  -ver=XC8 -ASTACK=0A0h-0bfh -pstack=STACK -ACODE=00h-07FFh \
  -ASTRCODE=00h-07FFh -ASTRING=00h-0FFhx8 -ACONST=00h-0FFhx8 \
  -AENTRY=00h-0FFhx8 -ACOMMON=070h-07Fh -ABANK0=020h-06Fh -ABANK1=0A0h-0BFh \
  -ARAM=020h-06Fh,0A0h-0BFh -AABS1=020h-07Fh,0A0h-0BFh -ASFR0=00h-01Fh \
  -ASFR1=080h-09Fh -preset_vec=00h,intentry=04h,init,end_init \
  -ppowerup=CODE -pcinit=CODE -pfunctab=ENTRY -ACONFIG=02007h-02007h \
  -pconfig=CONFIG -DCONFIG=2 -AIDLOC=02000h-02003h -pidloc=IDLOC -DIDLOC=2 \
  -AEEDATA=00h-0FFh/02100h -peeprom_data=EEDATA -DEEDATA=2 -DCODE=2 \
  -DSTRCODE=2 -DSTRING=2 -DCONST=2 -DENTRY=2 -k \
  C:\Users\Jerry\AppData\Local\Temp\saj8.obj zx-ft60f12x-4bit.obj 

Object code version is 3.11

Machine type is FT60F12X



                Name                               Link     Load   Length Selector   Space Scale
C:\Users\Jerry\AppData\Local\Temp\saj8.obj
                end_init                              C        C        1        8       0
                reset_vec                             0        0        1        0       0
zx-ft60f12x-4bit.obj
                cinit                                 D        D       2F        8       0
                intentry                              4        4        8        8       0
                text11                              515      515       19        8       0
                text10                              4F5      4F5       20        8       0
                text9                               52E      52E       17        8       0
                swtext2                             591      591        9      B22       0
                text8                               3AA      3AA       DC        8       0
                text7                               56C      56C       12      AD8       0
                swtext1                             55A      55A       12      AB4       0
                text6                                3C       3C      36E        8       0
                text5                               4D2      4D2       23        8       0
                text4                               57E      57E        A      AD8       0
                text3                               588      588        9      AD8       0
                text2                               545      545       15        8       0
                text1                               4AF      4AF       23        8       0
                maintext                            486      486       29        8       0
                cstackBANK0                          20       20       15       20       1
                cstackCOMMON                         70       70        9       70       1
                clrtext                             59A      59A        8      B34       0
                dataBANK0                            35       35       12       20       1
                bssBANK0                             47       47        A       20       1
                bssCOMMON                            79       79        5       70       1

TOTAL           Name                               Link     Load   Length     Space
        CLASS   STACK          

        CLASS   CODE           
                end_init                              C        C        1         0
                cinit                                 D        D       2F         0
                intentry                              4        4        8         0
                reset_vec                             0        0        1         0
                text11                              515      515       19         0
                text10                              4F5      4F5       20         0
                text9                               52E      52E       17         0
                text8                               3AA      3AA       DC         0
                text7                               56C      56C       12         0
                text6                                3C       3C      36E         0
                text5                               4D2      4D2       23         0
                text4                               57E      57E        A         0
                text3                               588      588        9         0
                text2                               545      545       15         0
                text1                               4AF      4AF       23         0
                maintext                            486      486       29         0
                clrtext                             59A      59A        8         0

        CLASS   STRCODE        

        CLASS   STRING         

        CLASS   CONST          
                swtext2                             591      591        9         0
                swtext1                             55A      55A       12         0

        CLASS   ENTRY          

        CLASS   COMMON         
                cstackCOMMON                         70       70        9         1
                bssCOMMON                            79       79        5         1

        CLASS   BANK0          
                cstackBANK0                          20       20       15         1
                dataBANK0                            35       35       12         1
                bssBANK0                             47       47        A         1

        CLASS   BANK1          

        CLASS   RAM            

        CLASS   ABS1           
                abs_s1                               7E       7E        2         1

        CLASS   SFR0           

        CLASS   SFR1           

        CLASS   CONFIG         

        CLASS   IDLOC          

        CLASS   EEDATA         



SEGMENTS        Name                           Load    Length   Top    Selector   Space  Class     Delta

                reset_vec                      000000  000001  000001         0       0  CODE        2
                intentry                       000004  000556  00055A         8       0  CODE        2
                cstackBANK0                    000020  000031  000051        20       1  BANK0       1
                cstackCOMMON                   000070  00000E  00007E        70       1  COMMON      1
                swtext1                        00055A  000012  00056C       AB4       0  CONST       2
                text7                          00056C  000025  000591       AD8       0  CODE        2
                swtext2                        000591  000009  00059A       B22       0  CONST       2
                clrtext                        00059A  000008  0005A2       B34       0  CODE        2


UNUSED ADDRESS RANGES

        Name                Unused          Largest block    Delta
        BANK0            051-06F            1F           1
        BANK1            0A0-0BF            20           1
        CODE             001-003             3           2
                         5A2-7FF           25E
        CONFIG           2007-2007             1           2
        CONST            001-003             3           2
                         5A2-7FF           100
        EEDATA           2100-21FF           100           2
        ENTRY            001-003             3           2
                         5A2-7FF           100
        IDLOC            2000-2003             4           2
        RAM              051-06F            1F           1
                         0A0-0BF            20
        SFR0             000-01F            20           1
        SFR1             080-09F            20           1
        STACK            0A0-0BF            20           1
        STRCODE          001-003             3           2
                         5A2-7FF           25E
        STRING           001-003             3           2
                         5A2-7FF           100

                                  Symbol Table

DelayUs@TimeUs           cstackBANK0  032
DelayUs@a                cstackBANK0  033
EEPROMread@EEAddr        cstackBANK0  032
EEPROMread@ReEEPROMread  cstackBANK0  033
EEPROMwrite@Data         cstackBANK0  032
EEPROMwrite@EEAddr       cstackBANK0  033
ModeMachine@F1098        dataBANK0    035
ModeMachine@led_sequence cstackBANK0  020
PL10                     text6        36F
PL12                     text11       528
PL14                     text6        373
PL16                     text6        379
PL18                     text6        37E
PL2                      text8        47D
PL20                     text6        382
PL22                     text6        386
PL24                     text6        38A
PL26                     text6        38F
PL28                     maintext     4AB
PL30                     text6        393
PL32                     text6        398
PL34                     text6        39C
PL36                     text6        3A0
PL38                     text6        3A5
PL4                      text6        365
PL6                      text8        482
PL8                      text6        36A
Shinking@dutyoff         cstackCOMMON 070
Shinking@dutyon          cstackCOMMON 071
_D8ToDo                  text8        3AA
_Dang                    bssCOMMON    07D
_DelayUs                 text4        57E
_EEADR                   (abs)        09B
_EECON1                  (abs)        09C
_EEDAT                   (abs)        09A
_EEIF                    (abs)        067
_EEPROMread              text3        588
_EEPROMwrite             text2        545
_Flag                    bssBANK0     04B
_GIE                     (abs)        05F
_INTCON                  (abs)        00B
_ISR                     text5        4D2
_KeyCheck                text10       4F5
_LEDBits                 bssCOMMON    07B
_LEDDisplay              text9        52E
_MSCON                   (abs)        01B
_ModeMachine             text6        03C
_ModeState               bssCOMMON    07C
_OPTION                  (abs)        081
_OSCCON                  (abs)        08F
_PORTA                   (abs)        005
_PORTC                   (abs)        007
_PSINKA                  (abs)        097
_PSINKC                  (abs)        09F
_PSRCA                   (abs)        088
_PSRCC                   (abs)        094
_Power_Initial           text1        4AF
_RA0                     (abs)        028
_RA1                     (abs)        029
_RA2                     (abs)        02A
_RA4                     (abs)        02C
_RA5                     (abs)        02D
_RD                      (abs)        4E0
_ShanCnt                 bssBANK0     050
_Shinkbits               bssCOMMON    07A
_Shinking                text7        56C
_T0IE                    (abs)        05D
_T0IF                    (abs)        05A
_TMR0                    (abs)        001
_TRISA                   (abs)        085
_TRISC                   (abs)        087
_TempH                   bssCOMMON    079
_TempL                   bssBANK0     04E
_TempM                   bssBANK0     04F
_TempW2                  bssBANK0     04D
_Time                    bssBANK0     047
_WDTCON                  (abs)        018
_WPUA                    (abs)        095
_WPUC                    (abs)        093
_WR                      (abs)        4E8
__Habs1                  abs1         000
__Hbank0                 bank0        000
__Hbank1                 bank1        000
__HbssBANK0              bssBANK0     000
__HbssCOMMON             bssCOMMON    000
__Hcinit                 cinit        03C
__Hclrtext               clrtext      000
__Hcode                  code         000
__Hcommon                common       000
__Hconfig                config       000
__HcstackBANK0           cstackBANK0  000
__HcstackCOMMON          cstackCOMMON 000
__HdataBANK0             dataBANK0    000
__Heeprom_data           eeprom_data  000
__Hend_init              end_init     00D
__Hfunctab               functab      000
__HidataBANK0            idataBANK0   000
__Hidloc                 idloc        000
__Hinit                  init         00C
__Hintentry              intentry     00C
__Hmaintext              maintext     000
__Hpa_nodes0             pa_nodes0    000
__Hpowerup               powerup      000
__Hram                   ram          000
__Hreset_vec             reset_vec    001
__Hsfr0                  sfr0         000
__Hsfr1                  sfr1         000
__Hspace_0               (abs)        5A2
__Hspace_1               (abs)        07E
__Hspace_2               (abs)        000
__Hspace_3               (abs)        000
__Hstack                 stack        000
__Hstrings               strings      000
__Htext                  text         000
__Labs1                  abs1         000
__Lbank0                 bank0        000
__Lbank1                 bank1        000
__LbssBANK0              bssBANK0     000
__LbssCOMMON             bssCOMMON    000
__Lcinit                 cinit        00D
__Lclrtext               clrtext      000
__Lcode                  code         000
__Lcommon                common       000
__Lconfig                config       000
__LcstackBANK0           cstackBANK0  000
__LcstackCOMMON          cstackCOMMON 000
__LdataBANK0             dataBANK0    000
__Leeprom_data           eeprom_data  000
__Lend_init              end_init     00C
__Lfunctab               functab      000
__LidataBANK0            idataBANK0   000
__Lidloc                 idloc        000
__Linit                  init         00C
__Lintentry              intentry     004
__Lmaintext              maintext     000
__Lpa_nodes0             pa_nodes0    000
__Lpowerup               powerup      000
__Lram                   ram          000
__Lreset_vec             reset_vec    000
__Lsfr0                  sfr0         000
__Lsfr1                  sfr1         000
__Lspace_0               (abs)        000
__Lspace_1               (abs)        000
__Lspace_2               (abs)        000
__Lspace_3               (abs)        000
__Lstack                 stack        000
__Lstrings               strings      000
__Ltext                  text         000
__S0                     (abs)        5A2
__S1                     (abs)        07E
__S2                     (abs)        000
__S3                     (abs)        000
___int_sp                stack        000
___latbits               (abs)        000
___sp                    stack        000
__end_ofPL10             text6        373
__end_ofPL12             text11       52E
__end_ofPL14             text6        379
__end_ofPL16             text6        37E
__end_ofPL18             text6        382
__end_ofPL2              text8        482
__end_ofPL20             text6        386
__end_ofPL22             text6        38A
__end_ofPL24             text6        38F
__end_ofPL26             text6        393
__end_ofPL28             maintext     4AF
__end_ofPL30             text6        398
__end_ofPL32             text6        39C
__end_ofPL34             text6        3A0
__end_ofPL36             text6        3A5
__end_ofPL38             text6        3AA
__end_ofPL4              text6        36A
__end_ofPL6              text8        486
__end_ofPL8              text6        36F
__end_of_D8ToDo          text8        47D
__end_of_DelayUs         text4        588
__end_of_EEPROMread      text3        591
__end_of_EEPROMwrite     text2        55A
__end_of_ISR             text5        4F5
__end_of_KeyCheck        text10       515
__end_of_LEDDisplay      text9        545
__end_of_ModeMachine     text6        365
__end_of_Power_Initial   text1        4D2
__end_of_Shinking        text7        57E
__end_of__initialization cinit        03A
__end_of_main            maintext     4AB
__end_ofi1_EEPROMwrite   text11       528
__initialization         cinit        00D
__pbssBANK0              bssBANK0     047
__pbssCOMMON             bssCOMMON    079
__pcstackBANK0           cstackBANK0  020
__pcstackCOMMON          cstackCOMMON 070
__pdataBANK0             dataBANK0    035
__pidataBANK0            idataBANK0   000
__pintentry              intentry     004
__pmaintext              maintext     486
__pswtext1               swtext1      55A
__pswtext2               swtext2      591
__ptext1                 text1        4AF
__ptext10                text10       4F5
__ptext11                text11       515
__ptext2                 text2        545
__ptext3                 text3        588
__ptext4                 text4        57E
__ptext5                 text5        4D2
__ptext6                 text6        03C
__ptext7                 text7        56C
__ptext8                 text8        3AA
__ptext9                 text9        52E
__size_of_D8ToDo         (abs)        000
__size_of_DelayUs        (abs)        000
__size_of_EEPROMread     (abs)        000
__size_of_EEPROMwrite    (abs)        000
__size_of_ISR            (abs)        000
__size_of_KeyCheck       (abs)        000
__size_of_LEDDisplay     (abs)        000
__size_of_ModeMachine    (abs)        000
__size_of_Power_Initial  (abs)        000
__size_of_Shinking       (abs)        000
__size_of_main           (abs)        000
__size_ofi1_EEPROMwrite  (abs)        000
_main                    maintext     486
btemp                    (abs)        07E
clear_ram0               clrtext      59A
end_of_initialization    cinit        03A
i1EEPROMwrite@Data       cstackCOMMON 070
i1EEPROMwrite@EEAddr     cstackCOMMON 071
i1_EEPROMwrite           text11       515
interrupt_function       intentry     004
intlevel0                functab      000
intlevel1                functab      000
intlevel2                functab      000
intlevel3                functab      000
intlevel4                functab      000
intlevel5                functab      000
main@i                   cstackBANK0  034
reset_vec                reset_vec    000
saved_w                  (abs)        07E
stackhi                  (abs)        000
stacklo                  (abs)        000
start                    init         00C
start_initialization     cinit        00D
wtemp0                   (abs)        07E


FUNCTION INFORMATION:

 *************** function _main *****************
 Defined at:
		line 1496 in file "ZX-FT60F12X-4BIT.C"
 Parameters:    Size  Location     Type
		None
 Auto vars:     Size  Location     Type
  i               1   20[BANK0 ] unsigned char 
 Return value:  Size  Location     Type
                  2  1196[None  ] int 
 Registers used:
		wreg, status,2, status,0, pclath, cstack
 Tracked objects:
		On entry : 
		On exit  : 
		Unchanged: 
 Data sizes:     COMMON   BANK0   BANK1
      Params:         0       0       0
      Locals:         0       1       0
      Temps:          0       0       0
      Totals:         0       1       0
Total ram usage:        1 bytes
 Hardware stack levels required when called:    4
 This function calls:
		_DelayUs
		_EEPROMread
		_EEPROMwrite
		_Power_Initial
 This function is called by:
		Startup code after reset
 This function uses a non-reentrant model


 *************** function _Power_Initial *****************
 Defined at:
		line 168 in file "ZX-FT60F12X-4BIT.C"
 Parameters:    Size  Location     Type
		None
 Auto vars:     Size  Location     Type
		None
 Return value:  Size  Location     Type
                  1    wreg      void 
 Registers used:
		wreg, status,2
 Tracked objects:
		On entry : 
		On exit  : 
		Unchanged: 
 Data sizes:     COMMON   BANK0   BANK1
      Params:         0       0       0
      Locals:         0       0       0
      Temps:          0       0       0
      Totals:         0       0       0
Total ram usage:        0 bytes
 Hardware stack levels used:    1
 Hardware stack levels required when called:    3
 This function calls:
		Nothing
 This function is called by:
		_main
 This function uses a non-reentrant model


 *************** function _EEPROMwrite *****************
 Defined at:
		line 150 in file "ZX-FT60F12X-4BIT.C"
 Parameters:    Size  Location     Type
  EEAddr          1    wreg     unsigned char 
  Data            1   18[BANK0 ] unsigned char 
 Auto vars:     Size  Location     Type
  EEAddr          1   19[BANK0 ] unsigned char 
 Return value:  Size  Location     Type
                  1    wreg      void 
 Registers used:
		wreg, status,2, status,0
 Tracked objects:
		On entry : 
		On exit  : 
		Unchanged: 
 Data sizes:     COMMON   BANK0   BANK1
      Params:         0       1       0
      Locals:         0       1       0
      Temps:          0       0       0
      Totals:         0       2       0
Total ram usage:        2 bytes
 Hardware stack levels used:    1
 Hardware stack levels required when called:    3
 This function calls:
		Nothing
 This function is called by:
		_main
 This function uses a non-reentrant model


 *************** function _EEPROMread *****************
 Defined at:
		line 140 in file "ZX-FT60F12X-4BIT.C"
 Parameters:    Size  Location     Type
  EEAddr          1    wreg     unsigned char 
 Auto vars:     Size  Location     Type
  EEAddr          1   18[BANK0 ] unsigned char 
  ReEEPROMread    1   19[BANK0 ] unsigned char 
 Return value:  Size  Location     Type
                  1    wreg      unsigned char 
 Registers used:
		wreg
 Tracked objects:
		On entry : 
		On exit  : 
		Unchanged: 
 Data sizes:     COMMON   BANK0   BANK1
      Params:         0       0       0
      Locals:         0       2       0
      Temps:          0       0       0
      Totals:         0       2       0
Total ram usage:        2 bytes
 Hardware stack levels used:    1
 Hardware stack levels required when called:    3
 This function calls:
		Nothing
 This function is called by:
		_main
 This function uses a non-reentrant model


 *************** function _DelayUs *****************
 Defined at:
		line 131 in file "ZX-FT60F12X-4BIT.C"
 Parameters:    Size  Location     Type
  TimeUs          1    wreg     unsigned char 
 Auto vars:     Size  Location     Type
  TimeUs          1   18[BANK0 ] unsigned char 
  a               1   19[BANK0 ] unsigned char 
 Return value:  Size  Location     Type
                  1    wreg      void 
 Registers used:
		wreg, status,2, status,0
 Tracked objects:
		On entry : 
		On exit  : 
		Unchanged: 
 Data sizes:     COMMON   BANK0   BANK1
      Params:         0       0       0
      Locals:         0       2       0
      Temps:          0       0       0
      Totals:         0       2       0
Total ram usage:        2 bytes
 Hardware stack levels used:    1
 Hardware stack levels required when called:    3
 This function calls:
		Nothing
 This function is called by:
		_main
 This function uses a non-reentrant model


 *************** function _ISR *****************
 Defined at:
		line 1477 in file "ZX-FT60F12X-4BIT.C"
 Parameters:    Size  Location     Type
		None
 Auto vars:     Size  Location     Type
		None
 Return value:  Size  Location     Type
                  1    wreg      void 
 Registers used:
		wreg, fsr0l, fsr0h, status,2, status,0, pclath, cstack
 Tracked objects:
		On entry : 
		On exit  : 
		Unchanged: 
 Data sizes:     COMMON   BANK0   BANK1
      Params:         0       0       0
      Locals:         0       0       0
      Temps:          3       0       0
      Totals:         3       0       0
Total ram usage:        3 bytes
 Hardware stack levels used:    1
 Hardware stack levels required when called:    2
 This function calls:
		_KeyCheck
		_LEDDisplay
		_ModeMachine
 This function is called by:
		Interrupt level 1
 This function uses a non-reentrant model


 *************** function _ModeMachine *****************
 Defined at:
		line 195 in file "ZX-FT60F12X-4BIT.C"
 Parameters:    Size  Location     Type
		None
 Auto vars:     Size  Location     Type
  led_sequence   18    0[BANK0 ] unsigned char [18]
 Return value:  Size  Location     Type
                  1    wreg      void 
 Registers used:
		wreg, fsr0l, fsr0h, status,2, status,0, pclath, cstack
 Tracked objects:
		On entry : 
		On exit  : 
		Unchanged: 
 Data sizes:     COMMON   BANK0   BANK1
      Params:         0       0       0
      Locals:         0      18       0
      Temps:          4       0       0
      Totals:         4      18       0
Total ram usage:       22 bytes
 Hardware stack levels used:    1
 Hardware stack levels required when called:    1
 This function calls:
		_D8ToDo
		_Shinking
 This function is called by:
		_ISR
 This function uses a non-reentrant model


 *************** function _Shinking *****************
 Defined at:
		line 53 in file "ZX-FT60F12X-4BIT.C"
 Parameters:    Size  Location     Type
  dutyon          1    wreg     unsigned char 
  dutyoff         1    0[COMMON] unsigned char 
 Auto vars:     Size  Location     Type
  dutyon          1    1[COMMON] unsigned char 
 Return value:  Size  Location     Type
                  1    wreg      void 
 Registers used:
		wreg, status,2, status,0
 Tracked objects:
		On entry : 
		On exit  : 
		Unchanged: 
 Data sizes:     COMMON   BANK0   BANK1
      Params:         1       0       0
      Locals:         1       0       0
      Temps:          0       0       0
      Totals:         2       0       0
Total ram usage:        2 bytes
 Hardware stack levels used:    1
 This function calls:
		Nothing
 This function is called by:
		_ModeMachine
 This function uses a non-reentrant model


 *************** function _D8ToDo *****************
 Defined at:
		line 1260 in file "ZX-FT60F12X-4BIT.C"
 Parameters:    Size  Location     Type
		None
 Auto vars:     Size  Location     Type
		None
 Return value:  Size  Location     Type
                  1    wreg      void 
 Registers used:
		wreg, fsr0l, fsr0h, status,2, status,0
 Tracked objects:
		On entry : 
		On exit  : 
		Unchanged: 
 Data sizes:     COMMON   BANK0   BANK1
      Params:         0       0       0
      Locals:         0       0       0
      Temps:          0       0       0
      Totals:         0       0       0
Total ram usage:        0 bytes
 Hardware stack levels used:    1
 This function calls:
		Nothing
 This function is called by:
		_ModeMachine
 This function uses a non-reentrant model


 *************** function _LEDDisplay *****************
 Defined at:
		line 71 in file "ZX-FT60F12X-4BIT.C"
 Parameters:    Size  Location     Type
		None
 Auto vars:     Size  Location     Type
		None
 Return value:  Size  Location     Type
                  1    wreg      void 
 Registers used:
		None
 Tracked objects:
		On entry : 
		On exit  : 
		Unchanged: 
 Data sizes:     COMMON   BANK0   BANK1
      Params:         0       0       0
      Locals:         0       0       0
      Temps:          0       0       0
      Totals:         0       0       0
Total ram usage:        0 bytes
 Hardware stack levels used:    1
 This function calls:
		Nothing
 This function is called by:
		_ISR
 This function uses a non-reentrant model


 *************** function _KeyCheck *****************
 Defined at:
		line 95 in file "ZX-FT60F12X-4BIT.C"
 Parameters:    Size  Location     Type
		None
 Auto vars:     Size  Location     Type
		None
 Return value:  Size  Location     Type
                  1    wreg      void 
 Registers used:
		wreg, status,2, status,0, pclath, cstack
 Tracked objects:
		On entry : 
		On exit  : 
		Unchanged: 
 Data sizes:     COMMON   BANK0   BANK1
      Params:         0       0       0
      Locals:         0       0       0
      Temps:          0       0       0
      Totals:         0       0       0
Total ram usage:        0 bytes
 Hardware stack levels used:    1
 Hardware stack levels required when called:    1
 This function calls:
		i1_EEPROMwrite
 This function is called by:
		_ISR
 This function uses a non-reentrant model


 *************** function i1_EEPROMwrite *****************
 Defined at:
		line 150 in file "ZX-FT60F12X-4BIT.C"
 Parameters:    Size  Location     Type
  EEAddr          1    wreg     unsigned char 
  Data            1    0[COMMON] unsigned char 
 Auto vars:     Size  Location     Type
  EEAddr          1    1[COMMON] unsigned char 
 Return value:  Size  Location     Type
                  1    wreg      void 
 Registers used:
		wreg, status,2, status,0
 Tracked objects:
		On entry : 
		On exit  : 
		Unchanged: 
 Data sizes:     COMMON   BANK0   BANK1
      Params:         1       0       0
      Locals:         1       0       0
      Temps:          0       0       0
      Totals:         2       0       0
Total ram usage:        2 bytes
 Hardware stack levels used:    1
 This function calls:
		Nothing
 This function is called by:
		_KeyCheck
 This function uses a non-reentrant model



MODULE INFORMATION

Module		Function		Class		Link	Load	Size
ZX-FT60F12X-4BIT.C
		_ModeMachine   		CODE           	003C	0000	810
		_D8ToDo        		CODE           	03AA	0000	212
		_DelayUs       		CODE           	057E	0000	11
		_ISR           		CODE           	04D2	0000	36
		_main          		CODE           	0486	0000	38
		_EEPROMread    		CODE           	0588	0000	10
		_Shinking      		CODE           	056C	0000	19
		_KeyCheck      		CODE           	04F5	0000	33
		_EEPROMwrite   		CODE           	0545	0000	22
		_Power_Initial 		CODE           	04AF	0000	36
		_LEDDisplay    		CODE           	052E	0000	24

ZX-FT60F12X-4BIT.C estimated size: 1251

shared
		PL12           		CODE           	0528	0000	7
		PL8            		CODE           	036A	0000	6
		PL22           		CODE           	0386	0000	5
		i1_EEPROMwrite 		CODE           	0515	0000	20
		PL32           		CODE           	0398	0000	5
		PL14           		CODE           	0373	0000	7
		PL24           		CODE           	038A	0000	6
		PL34           		CODE           	039C	0000	5
		PL16           		CODE           	0379	0000	6
		PL26           		CODE           	038F	0000	5
		PL36           		CODE           	03A0	0000	6
		PL18           		CODE           	037E	0000	5
		PL28           		CODE           	04AB	0000	5
		PL38           		CODE           	03A5	0000	6
		__initialization		CODE           	000D	0000	46
		PL2            		CODE           	047D	0000	6
		PL10           		CODE           	036F	0000	5
		PL4            		CODE           	0365	0000	6
		PL20           		CODE           	0382	0000	5
		PL30           		CODE           	0393	0000	6
		PL6            		CODE           	0482	0000	5

shared estimated size: 173

